Archive member included to satisfy reference by file (symbol)

/opt/st/stm32cubeide_1.17.0/plugins/com.st.stm32cube.ide.mcu.externaltools.gnu-tools-for-stm32.12.3.rel1.linux64_1.1.0.202410170702/tools/bin/../lib/gcc/arm-none-eabi/12.3.1/../../../../arm-none-eabi/lib/thumb/v7e-m+fp/hard/libm.a(libm_a-wf_pow.o)
                              ./Core/Src/speed_tracker.o (powf)
/opt/st/stm32cubeide_1.17.0/plugins/com.st.stm32cube.ide.mcu.externaltools.gnu-tools-for-stm32.12.3.rel1.linux64_1.1.0.202410170702/tools/bin/../lib/gcc/arm-none-eabi/12.3.1/../../../../arm-none-eabi/lib/thumb/v7e-m+fp/hard/libm.a(libm_a-sf_finite.o)
                              /opt/st/stm32cubeide_1.17.0/plugins/com.st.stm32cube.ide.mcu.externaltools.gnu-tools-for-stm32.12.3.rel1.linux64_1.1.0.202410170702/tools/bin/../lib/gcc/arm-none-eabi/12.3.1/../../../../arm-none-eabi/lib/thumb/v7e-m+fp/hard/libm.a(libm_a-wf_pow.o) (finitef)
/opt/st/stm32cubeide_1.17.0/plugins/com.st.stm32cube.ide.mcu.externaltools.gnu-tools-for-stm32.12.3.rel1.linux64_1.1.0.202410170702/tools/bin/../lib/gcc/arm-none-eabi/12.3.1/../../../../arm-none-eabi/lib/thumb/v7e-m+fp/hard/libm.a(libm_a-ef_pow.o)
                              /opt/st/stm32cubeide_1.17.0/plugins/com.st.stm32cube.ide.mcu.externaltools.gnu-tools-for-stm32.12.3.rel1.linux64_1.1.0.202410170702/tools/bin/../lib/gcc/arm-none-eabi/12.3.1/../../../../arm-none-eabi/lib/thumb/v7e-m+fp/hard/libm.a(libm_a-wf_pow.o) (__ieee754_powf)
/opt/st/stm32cubeide_1.17.0/plugins/com.st.stm32cube.ide.mcu.externaltools.gnu-tools-for-stm32.12.3.rel1.linux64_1.1.0.202410170702/tools/bin/../lib/gcc/arm-none-eabi/12.3.1/../../../../arm-none-eabi/lib/thumb/v7e-m+fp/hard/libm.a(libm_a-sf_fabs.o)
                              /opt/st/stm32cubeide_1.17.0/plugins/com.st.stm32cube.ide.mcu.externaltools.gnu-tools-for-stm32.12.3.rel1.linux64_1.1.0.202410170702/tools/bin/../lib/gcc/arm-none-eabi/12.3.1/../../../../arm-none-eabi/lib/thumb/v7e-m+fp/hard/libm.a(libm_a-ef_pow.o) (fabsf)
/opt/st/stm32cubeide_1.17.0/plugins/com.st.stm32cube.ide.mcu.externaltools.gnu-tools-for-stm32.12.3.rel1.linux64_1.1.0.202410170702/tools/bin/../lib/gcc/arm-none-eabi/12.3.1/../../../../arm-none-eabi/lib/thumb/v7e-m+fp/hard/libm.a(libm_a-sf_scalbn.o)
                              /opt/st/stm32cubeide_1.17.0/plugins/com.st.stm32cube.ide.mcu.externaltools.gnu-tools-for-stm32.12.3.rel1.linux64_1.1.0.202410170702/tools/bin/../lib/gcc/arm-none-eabi/12.3.1/../../../../arm-none-eabi/lib/thumb/v7e-m+fp/hard/libm.a(libm_a-ef_pow.o) (scalbnf)
/opt/st/stm32cubeide_1.17.0/plugins/com.st.stm32cube.ide.mcu.externaltools.gnu-tools-for-stm32.12.3.rel1.linux64_1.1.0.202410170702/tools/bin/../lib/gcc/arm-none-eabi/12.3.1/../../../../arm-none-eabi/lib/thumb/v7e-m+fp/hard/libm.a(libm_a-math_errf.o)
                              /opt/st/stm32cubeide_1.17.0/plugins/com.st.stm32cube.ide.mcu.externaltools.gnu-tools-for-stm32.12.3.rel1.linux64_1.1.0.202410170702/tools/bin/../lib/gcc/arm-none-eabi/12.3.1/../../../../arm-none-eabi/lib/thumb/v7e-m+fp/hard/libm.a(libm_a-ef_pow.o) (__math_uflowf)
/opt/st/stm32cubeide_1.17.0/plugins/com.st.stm32cube.ide.mcu.externaltools.gnu-tools-for-stm32.12.3.rel1.linux64_1.1.0.202410170702/tools/bin/../lib/gcc/arm-none-eabi/12.3.1/../../../../arm-none-eabi/lib/thumb/v7e-m+fp/hard/libm.a(libm_a-ef_sqrt.o)
                              /opt/st/stm32cubeide_1.17.0/plugins/com.st.stm32cube.ide.mcu.externaltools.gnu-tools-for-stm32.12.3.rel1.linux64_1.1.0.202410170702/tools/bin/../lib/gcc/arm-none-eabi/12.3.1/../../../../arm-none-eabi/lib/thumb/v7e-m+fp/hard/libm.a(libm_a-ef_pow.o) (__ieee754_sqrtf)
/opt/st/stm32cubeide_1.17.0/plugins/com.st.stm32cube.ide.mcu.externaltools.gnu-tools-for-stm32.12.3.rel1.linux64_1.1.0.202410170702/tools/bin/../lib/gcc/arm-none-eabi/12.3.1/../../../../arm-none-eabi/lib/thumb/v7e-m+fp/hard/libc_nano.a(libc_a-exit.o)
                              /opt/st/stm32cubeide_1.17.0/plugins/com.st.stm32cube.ide.mcu.externaltools.gnu-tools-for-stm32.12.3.rel1.linux64_1.1.0.202410170702/tools/bin/../lib/gcc/arm-none-eabi/12.3.1/../../../../arm-none-eabi/lib/thumb/v7e-m+fp/hard/crt0.o (exit)
/opt/st/stm32cubeide_1.17.0/plugins/com.st.stm32cube.ide.mcu.externaltools.gnu-tools-for-stm32.12.3.rel1.linux64_1.1.0.202410170702/tools/bin/../lib/gcc/arm-none-eabi/12.3.1/../../../../arm-none-eabi/lib/thumb/v7e-m+fp/hard/libc_nano.a(libc_a-findfp.o)
                              /opt/st/stm32cubeide_1.17.0/plugins/com.st.stm32cube.ide.mcu.externaltools.gnu-tools-for-stm32.12.3.rel1.linux64_1.1.0.202410170702/tools/bin/../lib/gcc/arm-none-eabi/12.3.1/../../../../arm-none-eabi/lib/thumb/v7e-m+fp/hard/libc_nano.a(libc_a-exit.o) (__stdio_exit_handler)
/opt/st/stm32cubeide_1.17.0/plugins/com.st.stm32cube.ide.mcu.externaltools.gnu-tools-for-stm32.12.3.rel1.linux64_1.1.0.202410170702/tools/bin/../lib/gcc/arm-none-eabi/12.3.1/../../../../arm-none-eabi/lib/thumb/v7e-m+fp/hard/libc_nano.a(libc_a-fwalk.o)
[...]
Memory Configuration

Name             Origin             Length             Attributes
CCMRAM           0x10000000         0x00010000         xrw
RAM              0x20000000         0x00020000         xrw
FLASH            0x08000000         0x00100000         xr
*default*        0x00000000         0xffffffff

Linker script and memory map

LOAD /opt/st/stm32cubeide_1.17.0/plugins/com.st.stm32cube.ide.mcu.externaltools.gnu-tools-for-stm32.12.3.rel1.linux64_1.1.0.202410170702/tools/bin/../lib/gcc/arm-none-eabi/12.3.1/thumb/v7e-m+fp/hard/crti.o
LOAD /opt/st/stm32cubeide_1.17.0/plugins/com.st.stm32cube.ide.mcu.externaltools.gnu-tools-for-stm32.12.3.rel1.linux64_1.1.0.202410170702/tools/bin/../lib/gcc/arm-none-eabi/12.3.1/thumb/v7e-m+fp/hard/crtbegin.o
LOAD /opt/st/stm32cubeide_1.17.0/plugins/com.st.stm32cube.ide.mcu.externaltools.gnu-tools-for-stm32.12.3.rel1.linux64_1.1.0.202410170702/tools/bin/../lib/gcc/arm-none-eabi/12.3.1/../../../../arm-none-eabi/lib/thumb/v7e-m+fp/hard/crt0.o
LOAD ./Core/Src/adc.o
LOAD ./Core/Src/can.o
LOAD ./Core/Src/dac.o
LOAD ./Core/Src/gpio.o
LOAD ./Core/Src/i2c.o
LOAD ./Core/Src/main.o
LOAD ./Core/Src/motor_supervisor.o
LOAD ./Core/Src/rotation_control.o
LOAD ./Core/Src/speed_tracker.o
LOAD ./Core/Src/stm32f4xx_hal_msp.o
LOAD ./Core/Src/stm32f4xx_it.o
LOAD ./Core/Src/syscalls.o
LOAD ./Core/Src/sysmem.o
LOAD ./Core/Src/system_stm32f4xx.o
LOAD ./Core/Src/tim.o
LOAD ./Core/Src/trajectory_control.o
LOAD ./Core/Src/voltage_control.o
LOAD ./Core/Startup/startup_stm32f405rgtx.o
LOAD ./Drivers/STM32F4xx_HAL_Driver/Src/stm32f4xx_hal.o
LOAD ./Drivers/STM32F4xx_HAL_Driver/Src/stm32f4xx_hal_adc.o
LOAD ./Drivers/STM32F4xx_HAL_Driver/Src/stm32f4xx_hal_adc_ex.o
LOAD ./Drivers/STM32F4xx_HAL_Driver/Src/stm32f4xx_hal_can.o
LOAD ./Drivers/STM32F4xx_HAL_Driver/Src/stm32f4xx_hal_cortex.o
LOAD ./Drivers/STM32F4xx_HAL_Driver/Src/stm32f4xx_hal_dac.o
LOAD ./Drivers/STM32F4xx_HAL_Driver/Src/stm32f4xx_hal_dac_ex.o
LOAD ./Drivers/STM32F4xx_HAL_Driver/Src/stm32f4xx_hal_dma.o
LOAD ./Drivers/STM32F4xx_HAL_Driver/Src/stm32f4xx_hal_dma_ex.o
LOAD ./Drivers/STM32F4xx_HAL_Driver/Src/stm32f4xx_hal_exti.o
LOAD ./Drivers/STM32F4xx_HAL_Driver/Src/stm32f4xx_hal_flash.o
LOAD ./Drivers/STM32F4xx_HAL_Driver/Src/stm32f4xx_hal_flash_ex.o
LOAD ./Drivers/STM32F4xx_HAL_Driver/Src/stm32f4xx_hal_flash_ramfunc.o
LOAD ./Drivers/STM32F4xx_HAL_Driver/Src/stm32f4xx_hal_gpio.o
LOAD ./Drivers/STM32F4xx_HAL_Driver/Src/stm32f4xx_hal_i2c.o
LOAD ./Drivers/STM32F4xx_HAL_Driver/Src/stm32f4xx_hal_i2c_ex.o
LOAD ./Drivers/STM32F4xx_HAL_Driver/Src/stm32f4xx_hal_pwr.o
LOAD ./Drivers/STM32F4xx_HAL_Driver/Src/stm32f4xx_hal_pwr_ex.o
LOAD ./Drivers/STM32F4xx_HAL_Driver/Src/stm32f4xx_hal_rcc.o
LOAD ./Drivers/STM32F4xx_HAL_Driver/Src/stm32f4xx_hal_rcc_ex.o
LOAD ./Drivers/STM32F4xx_HAL_Driver/Src/stm32f4xx_hal_tim.o
LOAD ./Drivers/STM32F4xx_HAL_Driver/Src/stm32f4xx_hal_tim_ex.o
LOAD ./Drivers/STM32F4xx_HAL_Driver/Src/stm32f4xx_ll_adc.o
START GROUP
LOAD /opt/st/stm32cubeide_1.17.0/plugins/com.st.stm32cube.ide.mcu.externaltools.gnu-tools-for-stm32.12.3.rel1.linux64_1.1.0.202410170702/tools/bin/../lib/gcc/arm-none-eabi/12.3.1/../../../../arm-none-eabi/lib/thumb/v7e-m+fp/hard/libstdc++_nano.a
LOAD /opt/st/stm32cubeide_1.17.0/plugins/com.st.stm32cube.ide.mcu.externaltools.gnu-tools-for-stm32.12.3.rel1.linux64_1.1.0.202410170702/tools/bin/../lib/gcc/arm-none-eabi/12.3.1/../../../../arm-none-eabi/lib/thumb/v7e-m+fp/hard/libsupc++_nano.a
END GROUP
LOAD /opt/st/stm32cubeide_1.17.0/plugins/com.st.stm32cube.ide.mcu.externaltools.gnu-tools-for-stm32.12.3.rel1.linux64_1.1.0.202410170702/tools/bin/../lib/gcc/arm-none-eabi/12.3.1/../../../../arm-none-eabi/lib/thumb/v7e-m+fp/hard/libstdc++_nano.a
LOAD /opt/st/stm32cubeide_1.17.0/plugins/com.st.stm32cube.ide.mcu.externaltools.gnu-tools-for-stm32.12.3.rel1.linux64_1.1.0.202410170702/tools/bin/../lib/gcc/arm-none-eabi/12.3.1/../../../../arm-none-eabi/lib/thumb/v7e-m+fp/hard/libm.a
LOAD /opt/st/stm32cubeide_1.17.0/plugins/com.st.stm32cube.ide.mcu.externaltools.gnu-tools-for-stm32.12.3.rel1.linux64_1.1.0.202410170702/tools/bin/../lib/gcc/arm-none-eabi/12.3.1/../../../../arm-none-eabi/lib/thumb/v7e-m+fp/hard/libc_nano.a
START GROUP
LOAD /opt/st/stm32cubeide_1.17.0/plugins/com.st.stm32cube.ide.mcu.externaltools.gnu-tools-for-stm32.12.3.rel1.linux64_1.1.0.202410170702/tools/bin/../lib/gcc/arm-none-eabi/12.3.1/thumb/v7e-m+fp/hard/libgcc.a
LOAD /opt/st/stm32cubeide_1.17.0/plugins/com.st.stm32cube.ide.mcu.externaltools.gnu-tools-for-stm32.12.3.rel1.linux64_1.1.0.202410170702/tools/bin/../lib/gcc/arm-none-eabi/12.3.1/../../../../arm-none-eabi/lib/thumb/v7e-m+fp/hard/libc_nano.a
END GROUP
START GROUP
LOAD /opt/st/stm32cubeide_1.17.0/plugins/com.st.stm32cube.ide.mcu.externaltools.gnu-tools-for-stm32.12.3.rel1.linux64_1.1.0.202410170702/tools/bin/../lib/gcc/arm-none-eabi/12.3.1/thumb/v7e-m+fp/hard/libgcc.a
LOAD /opt/st/stm32cubeide_1.17.0/plugins/com.st.stm32cube.ide.mcu.externaltools.gnu-tools-for-stm32.12.3.rel1.linux64_1.1.0.202410170702/tools/bin/../lib/gcc/arm-none-eabi/12.3.1/../../../../arm-none-eabi/lib/thumb/v7e-m+fp/hard/libc_nano.a
LOAD /opt/st/stm32cubeide_1.17.0/plugins/com.st.stm32cube.ide.mcu.externaltools.gnu-tools-for-stm32.12.3.rel1.linux64_1.1.0.202410170702/tools/bin/../lib/gcc/arm-none-eabi/12.3.1/../../../../arm-none-eabi/lib/thumb/v7e-m+fp/hard/libnosys.a
END GROUP
START GROUP
LOAD /opt/st/stm32cubeide_1.17.0/plugins/com.st.stm32cube.ide.mcu.externaltools.gnu-tools-for-stm32.12.3.rel1.linux64_1.1.0.202410170702/tools/bin/../lib/gcc/arm-none-eabi/12.3.1/thumb/v7e-m+fp/hard/libgcc.a
LOAD /opt/st/stm32cubeide_1.17.0/plugins/com.st.stm32cube.ide.mcu.externaltools.gnu-tools-for-stm32.12.3.rel1.linux64_1.1.0.202410170702/tools/bin/../lib/gcc/arm-none-eabi/12.3.1/../../../../arm-none-eabi/lib/thumb/v7e-m+fp/hard/libc_nano.a
LOAD /opt/st/stm32cubeide_1.17.0/plugins/com.st.stm32cube.ide.mcu.externaltools.gnu-tools-for-stm32.12.3.rel1.linux64_1.1.0.202410170702/tools/bin/../lib/gcc/arm-none-eabi/12.3.1/../../../../arm-none-eabi/lib/thumb/v7e-m+fp/hard/libnosys.a
END GROUP
LOAD /opt/st/stm32cubeide_1.17.0/plugins/com.st.stm32cube.ide.mcu.externaltools.gnu-tools-for-stm32.12.3.rel1.linux64_1.1.0.202410170702/tools/bin/../lib/gcc/arm-none-eabi/12.3.1/thumb/v7e-m+fp/hard/crtend.o
LOAD /opt/st/stm32cubeide_1.17.0/plugins/com.st.stm32cube.ide.mcu.externaltools.gnu-tools-for-stm32.12.3.rel1.linux64_1.1.0.202410170702/tools/bin/../lib/gcc/arm-none-eabi/12.3.1/thumb/v7e-m+fp/hard/crtn.o
                0x20020000                        _estack = (ORIGIN (RAM) + LENGTH (RAM))
                0x00000200                        _Min_Heap_Size = 0x200
                0x00000400                        _Min_Stack_Size = 0x400

.isr_vector     0x08000000      0x188
                0x08000000                        . = ALIGN (0x4)
 *(.isr_vector)
 .isr_vector    0x08000000      0x188 ./Core/Startup/startup_stm32f405rgtx.o
                0x08000000                g_pfnVectors
                0x08000188                        . = ALIGN (0x4)

.text           0x08000188     0x7ab8
                0x08000188                        . = ALIGN (0x4)
 *(.text)
 .text          0x08000188       0x40 /opt/st/stm32cubeide_1.17.0/plugins/com.st.stm32cube.ide.mcu.externaltools.gnu-tools-for-stm32.12.3.rel1.linux64_1.1.0.202410170702/tools/bin/../lib/gcc/arm-none-eabi/12.3.1/thumb/v7e-m+fp/hard/crtbegin.o
 .text          0x080001c8      0x378 /opt/st/stm32cubeide_1.17.0/plugins/com.st.stm32cube.ide.mcu.externaltools.gnu-tools-for-stm32.12.3.rel1.linux64_1.1.0.202410170702/tools/bin/../lib/gcc/arm-none-eabi/12.3.1/thumb/v7e-m+fp/hard/libgcc.a(_arm_addsubdf3.o)
                0x080001c8                __aeabi_drsub
                0x080001d0                __aeabi_dsub
                0x080001d0                __subdf3
                0x080001d4                __adddf3
                0x080001d4                __aeabi_dadd
                0x0800044c                __aeabi_ui2d
                0x0800044c                __floatunsidf
                0x0800046c                __floatsidf
                0x0800046c                __aeabi_i2d
                0x08000490                __extendsfdf2
                0x08000490                __aeabi_f2d
                0x080004d4                __aeabi_ul2d
                0x080004d4                __floatundidf
                0x080004e4                __floatdidf
                0x080004e4                __aeabi_l2d
 .text          0x08000540      0x110 /opt/st/stm32cubeide_1.17.0/plugins/com.st.stm32cube.ide.mcu.externaltools.gnu-tools-for-stm32.12.3.rel1.linux64_1.1.0.202410170702/tools/bin/../lib/gcc/arm-none-eabi/12.3.1/thumb/v7e-m+fp/hard/libgcc.a(_arm_cmpdf2.o)
                0x08000540                __gtdf2
                0x08000540                __gedf2
                0x08000548                __ltdf2
                0x08000548                __ledf2
                0x08000550                __cmpdf2
                0x08000550                __eqdf2
                0x08000550                __nedf2
                0x080005cc                __aeabi_cdrcmple
                0x080005dc                __aeabi_cdcmple
                0x080005dc                __aeabi_cdcmpeq
                0x080005ec                __aeabi_dcmpeq
                0x08000600                __aeabi_dcmplt
                0x08000614                __aeabi_dcmple
                0x08000628                __aeabi_dcmpge
                0x0800063c                __aeabi_dcmpgt
 .text          0x08000650       0x30 /opt/st/stm32cubeide_1.17.0/plugins/com.st.stm32cube.ide.mcu.externaltools.gnu-tools-for-stm32.12.3.rel1.linux64_1.1.0.202410170702/tools/bin/../lib/gcc/arm-none-eabi/12.3.1/thumb/v7e-m+fp/hard/libgcc.a(_aeabi_uldivmod.o)
                0x08000650                __aeabi_uldivmod
 .text          0x08000680      0x2bc /opt/st/stm32cubeide_1.17.0/plugins/com.st.stm32cube.ide.mcu.externaltools.gnu-tools-for-stm32.12.3.rel1.linux64_1.1.0.202410170702/tools/bin/../lib/gcc/arm-none-eabi/12.3.1/thumb/v7e-m+fp/hard/libgcc.a(_udivmoddi4.o)
                0x08000680                __udivmoddi4
 .text          0x0800093c        0x4 /opt/st/stm32cubeide_1.17.0/plugins/com.st.stm32cube.ide.mcu.externaltools.gnu-tools-for-stm32.12.3.rel1.linux64_1.1.0.202410170702/tools/bin/../lib/gcc/arm-none-eabi/12.3.1/thumb/v7e-m+fp/hard/libgcc.a(_dvmd_tls.o)
                0x0800093c                __aeabi_ldiv0
                0x0800093c                __aeabi_idiv0
 *(.text*)
 .text.MX_ADC1_Init
                0x08000940       0xc0 ./Core/Src/adc.o
                0x08000940                MX_ADC1_Init
 .text.HAL_ADC_MspInit
                0x08000a00       0xd0 ./Core/Src/adc.o
                0x08000a00                HAL_ADC_MspInit
 .text.MX_CAN1_Init
                0x08000ad0       0xa8 ./Core/Src/can.o
                0x08000ad0                MX_CAN1_Init
 .text.MX_CAN2_Init
                0x08000b78       0x6c ./Core/Src/can.o
                0x08000b78                MX_CAN2_Init
 .text.HAL_CAN_MspInit
                0x08000be4      0x190 ./Core/Src/can.o
                0x08000be4                HAL_CAN_MspInit
 .text.MX_DAC_Init
                0x08000d74       0x54 ./Core/Src/dac.o
                0x08000d74                MX_DAC_Init
 .text.HAL_DAC_MspInit
                0x08000dc8       0x98 ./Core/Src/dac.o
                0x08000dc8                HAL_DAC_MspInit
 .text.MX_GPIO_Init
                0x08000e60      0x144 ./Core/Src/gpio.o
                0x08000e60                MX_GPIO_Init
 .text.MX_I2C1_Init
                0x08000fa4       0x5c ./Core/Src/i2c.o
                0x08000fa4                MX_I2C1_Init
 .text.HAL_I2C_MspInit
                0x08001000       0x90 ./Core/Src/i2c.o
                0x08001000                HAL_I2C_MspInit
 .text.HAL_CAN_RxFifo0MsgPendingCallback
                0x08001090       0x5c ./Core/Src/main.o
                0x08001090                HAL_CAN_RxFifo0MsgPendingCallback
 .text.HAL_CAN_ErrorCallback
                0x080010ec       0x48 ./Core/Src/main.o
                0x080010ec                HAL_CAN_ErrorCallback
 .text.main     0x08001134      0x208 ./Core/Src/main.o
                0x08001134                main
 .text.SystemClock_Config
                0x0800133c       0xd4 ./Core/Src/main.o
                0x0800133c                SystemClock_Config
 .text.Error_Handler
                0x08001410        0xc ./Core/Src/main.o
                0x08001410                Error_Handler
 .text.MotorSupervisor_UpdateRotorSyncFlag
                0x0800141c       0x58 ./Core/Src/motor_supervisor.o
                0x0800141c                MotorSupervisor_UpdateRotorSyncFlag
 .text.MotorSupervisor_GetSyncFlag
                0x08001474       0x18 ./Core/Src/motor_supervisor.o
                0x08001474                MotorSupervisor_GetSyncFlag
 .text.RotationControl_Init
                0x0800148c       0x48 ./Core/Src/rotation_control.o
                0x0800148c                RotationControl_Init
 .text.RotationControl_SetActualFieldDirection
                0x080014d4       0xac ./Core/Src/rotation_control.o
                0x080014d4                RotationControl_SetActualFieldDirection
 .text.RotationControl_SetSpinDirection
                0x08001580       0x30 ./Core/Src/rotation_control.o
                0x08001580                RotationControl_SetSpinDirection
 .text.RotationControl_SetControl
                0x080015b0       0x64 ./Core/Src/rotation_control.o
                0x080015b0                RotationControl_SetControl
 .text.RotationControl_UpdateCNT
                0x08001614       0x20 ./Core/Src/rotation_control.o
                0x08001614                RotationControl_UpdateCNT
 .text.RotationControl_GetControl
                0x08001634       0x5c ./Core/Src/rotation_control.o
                0x08001634                RotationControl_GetControl
 .text.RotationControl_SetFieldDirectionByArrayIndex
                0x08001690       0x98 ./Core/Src/rotation_control.o
 .text.RotationControl_SetPWMcounter
                0x08001728       0x54 ./Core/Src/rotation_control.o
                0x08001728                RotationControl_SetPWMcounter
 .text.HAL_TIM_IC_CaptureCallback
                0x0800177c       0xbc ./Core/Src/speed_tracker.o
                0x0800177c                HAL_TIM_IC_CaptureCallback
 .text.SpeedTracker_CalcFrequency
                0x08001838      0x1f0 ./Core/Src/speed_tracker.o
 .text.SpeedTracker_GetPCLK1Freq
                0x08001a28       0x40 ./Core/Src/speed_tracker.o
 .text.SpeedTracker_GetFrequency
                0x08001a68       0x1c ./Core/Src/speed_tracker.o
                0x08001a68                SpeedTracker_GetFrequency
 .text.SpeedTracker_GetDirection
                0x08001a84       0x18 ./Core/Src/speed_tracker.o
                0x08001a84                SpeedTracker_GetDirection
 .text.SpeedTracker_GetSector
                0x08001a9c       0x18 ./Core/Src/speed_tracker.o
                0x08001a9c                SpeedTracker_GetSector
 .text.SpeedTracker_SetFrequencyToZero
                0x08001ab4       0x1c ./Core/Src/speed_tracker.o
                0x08001ab4                SpeedTracker_SetFrequencyToZero
 .text.HAL_MspInit
                0x08001ad0       0x50 ./Core/Src/stm32f4xx_hal_msp.o
                0x08001ad0                HAL_MspInit
 .text.NMI_Handler
                0x08001b20        0x8 ./Core/Src/stm32f4xx_it.o
                0x08001b20                NMI_Handler
 .text.HardFault_Handler
                0x08001b28        0x8 ./Core/Src/stm32f4xx_it.o
                0x08001b28                HardFault_Handler
 .text.MemManage_Handler
                0x08001b30        0x8 ./Core/Src/stm32f4xx_it.o
                0x08001b30                MemManage_Handler
 .text.BusFault_Handler
                0x08001b38        0x8 ./Core/Src/stm32f4xx_it.o
                0x08001b38                BusFault_Handler
 .text.UsageFault_Handler
                0x08001b40        0x8 ./Core/Src/stm32f4xx_it.o
                0x08001b40                UsageFault_Handler
 .text.SVC_Handler
                0x08001b48        0xe ./Core/Src/stm32f4xx_it.o
                0x08001b48                SVC_Handler
 .text.DebugMon_Handler
                0x08001b56        0xe ./Core/Src/stm32f4xx_it.o
                0x08001b56                DebugMon_Handler
 .text.PendSV_Handler
                0x08001b64        0xe ./Core/Src/stm32f4xx_it.o
                0x08001b64                PendSV_Handler
 .text.SysTick_Handler
                0x08001b72       0x14 ./Core/Src/stm32f4xx_it.o
                0x08001b72                SysTick_Handler
 *fill*         0x08001b86        0x2 
 .text.ADC_IRQHandler
                0x08001b88       0x14 ./Core/Src/stm32f4xx_it.o
                0x08001b88                ADC_IRQHandler
 .text.CAN1_RX0_IRQHandler
                0x08001b9c       0x14 ./Core/Src/stm32f4xx_it.o
                0x08001b9c                CAN1_RX0_IRQHandler
 .text.CAN1_SCE_IRQHandler
                0x08001bb0       0x14 ./Core/Src/stm32f4xx_it.o
                0x08001bb0                CAN1_SCE_IRQHandler
 .text.TIM2_IRQHandler
                0x08001bc4       0x14 ./Core/Src/stm32f4xx_it.o
                0x08001bc4                TIM2_IRQHandler
 .text.TIM5_IRQHandler
                0x08001bd8       0x20 ./Core/Src/stm32f4xx_it.o
                0x08001bd8                TIM5_IRQHandler
 .text.TIM6_DAC_IRQHandler
                0x08001bf8       0x24 ./Core/Src/stm32f4xx_it.o
                0x08001bf8                TIM6_DAC_IRQHandler
 .text.CAN2_TX_IRQHandler
                0x08001c1c       0x14 ./Core/Src/stm32f4xx_it.o
                0x08001c1c                CAN2_TX_IRQHandler
 .text.CAN2_RX0_IRQHandler
                0x08001c30       0x14 ./Core/Src/stm32f4xx_it.o
                0x08001c30                CAN2_RX0_IRQHandler
 .text.CAN2_RX1_IRQHandler
                0x08001c44       0x14 ./Core/Src/stm32f4xx_it.o
                0x08001c44                CAN2_RX1_IRQHandler
 .text.SystemInit
                0x08001c58       0x24 ./Core/Src/system_stm32f4xx.o
                0x08001c58                SystemInit
 .text.MX_TIM2_Init
                0x08001c7c      0x10c ./Core/Src/tim.o
                0x08001c7c                MX_TIM2_Init
 .text.MX_TIM5_Init
                0x08001d88       0x9c ./Core/Src/tim.o
                0x08001d88                MX_TIM5_Init
 .text.MX_TIM6_Init
                0x08001e24       0x6c ./Core/Src/tim.o
                0x08001e24                MX_TIM6_Init
 .text.MX_TIM8_Init
                0x08001e90      0x134 ./Core/Src/tim.o
                0x08001e90                MX_TIM8_Init
 .text.HAL_TIM_Base_MspInit
                0x08001fc4      0x134 ./Core/Src/tim.o
                0x08001fc4                HAL_TIM_Base_MspInit
 .text.HAL_TIM_PWM_MspInit
                0x080020f8       0x44 ./Core/Src/tim.o
                0x080020f8                HAL_TIM_PWM_MspInit
 .text.HAL_TIM_MspPostInit
                0x0800213c       0xf8 ./Core/Src/tim.o
                0x0800213c                HAL_TIM_MspPostInit
 .text.TrajCtrl_SetVelocity
                0x08002234       0x64 ./Core/Src/trajectory_control.o
                0x08002234                TrajCtrl_SetVelocity
 .text.TrajCtrl_ReachTargetSpeed
                0x08002298      0x460 ./Core/Src/trajectory_control.o
                0x08002298                TrajCtrl_ReachTargetSpeed
 .text.TrajCtrl_KeepAcceleration
                0x080026f8      0x484 ./Core/Src/trajectory_control.o
                0x080026f8                TrajCtrl_KeepAcceleration
 .text.TrajCtrl_EnableDisableTim6Interrupts
                0x08002b7c       0x2c ./Core/Src/trajectory_control.o
                0x08002b7c                TrajCtrl_EnableDisableTim6Interrupts
 .text.TrajCtrl_Ctrl2Speed
                0x08002ba8      0x110 ./Core/Src/trajectory_control.o
                0x08002ba8                TrajCtrl_Ctrl2Speed
 .text.TrajectoryControl_FindIndexForSpeed
                0x08002cb8       0x74 ./Core/Src/trajectory_control.o
 .text.TrajCtrl_Speed2Ctrl
                0x08002d2c      0x110 ./Core/Src/trajectory_control.o
 .text.TrajectoryControl_FindIndexForControl
                0x08002e3c       0x74 ./Core/Src/trajectory_control.o
 .text.VoltageControl_Start
                0x08002eb0       0x94 ./Core/Src/voltage_control.o
                0x08002eb0                VoltageControl_Start
 .text.VoltageControl_GetActualVoltage
                0x08002f44       0x84 ./Core/Src/voltage_control.o
                0x08002f44                VoltageControl_GetActualVoltage
 .text.GetADCValue
                0x08002fc8       0x54 ./Core/Src/voltage_control.o
 .text.TargetVoltage2DAC
                0x0800301c       0x34 ./Core/Src/voltage_control.o
 .text.Reset_Handler
                0x08003050       0x50 ./Core/Startup/startup_stm32f405rgtx.o
                0x08003050                Reset_Handler
 .text.Default_Handler
                0x080030a0        0x2 ./Core/Startup/startup_stm32f405rgtx.o
                0x080030a0                RTC_Alarm_IRQHandler
                0x080030a0                HASH_RNG_IRQHandler
                0x080030a0                EXTI2_IRQHandler
                0x080030a0                TIM8_CC_IRQHandler
                0x080030a0                TIM1_CC_IRQHandler
                0x080030a0                DMA2_Stream5_IRQHandler
                0x080030a0                DMA1_Stream5_IRQHandler
                0x080030a0                PVD_IRQHandler
                0x080030a0                SDIO_IRQHandler
                0x080030a0                TAMP_STAMP_IRQHandler
                0x080030a0                EXTI3_IRQHandler
                0x080030a0                TIM8_TRG_COM_TIM14_IRQHandler
                0x080030a0                TIM1_UP_TIM10_IRQHandler
                0x080030a0                TIM8_UP_TIM13_IRQHandler
                0x080030a0                I2C3_ER_IRQHandler
                0x080030a0                EXTI0_IRQHandler
                0x080030a0                I2C2_EV_IRQHandler
                0x080030a0                DMA1_Stream2_IRQHandler
                0x080030a0                FPU_IRQHandler
                0x080030a0                OTG_HS_WKUP_IRQHandler
                0x080030a0                CAN2_SCE_IRQHandler
                0x080030a0                DMA2_Stream2_IRQHandler
                0x080030a0                SPI1_IRQHandler
                0x080030a0                TIM1_BRK_TIM9_IRQHandler
                0x080030a0                DMA2_Stream3_IRQHandler
                0x080030a0                USART6_IRQHandler
                0x080030a0                USART3_IRQHandler
                0x080030a0                CAN1_RX1_IRQHandler
                0x080030a0                UART5_IRQHandler
                0x080030a0                DMA2_Stream0_IRQHandler
                0x080030a0                TIM4_IRQHandler
                0x080030a0                I2C1_EV_IRQHandler
                0x080030a0                DMA1_Stream6_IRQHandler
                0x080030a0                DMA1_Stream1_IRQHandler
                0x080030a0                UART4_IRQHandler
                0x080030a0                TIM3_IRQHandler
                0x080030a0                RCC_IRQHandler
                0x080030a0                TIM8_BRK_TIM12_IRQHandler
                0x080030a0                Default_Handler
                0x080030a0                EXTI15_10_IRQHandler
                0x080030a0                DMA1_Stream7_IRQHandler
                0x080030a0                TIM7_IRQHandler
                0x080030a0                DMA2_Stream7_IRQHandler
                0x080030a0                I2C3_EV_IRQHandler
                0x080030a0                EXTI9_5_IRQHandler
                0x080030a0                RTC_WKUP_IRQHandler
                0x080030a0                SPI2_IRQHandler
                0x080030a0                OTG_HS_EP1_IN_IRQHandler
                0x080030a0                DMA1_Stream0_IRQHandler
                0x080030a0                CAN1_TX_IRQHandler
                0x080030a0                EXTI4_IRQHandler
                0x080030a0                FSMC_IRQHandler
                0x080030a0                OTG_HS_EP1_OUT_IRQHandler
                0x080030a0                WWDG_IRQHandler
                0x080030a0                OTG_FS_WKUP_IRQHandler
                0x080030a0                TIM1_TRG_COM_TIM11_IRQHandler
                0x080030a0                OTG_HS_IRQHandler
                0x080030a0                EXTI1_IRQHandler
                0x080030a0                USART2_IRQHandler
                0x080030a0                I2C2_ER_IRQHandler
                0x080030a0                DMA2_Stream1_IRQHandler
                0x080030a0                FLASH_IRQHandler
                0x080030a0                DMA2_Stream4_IRQHandler
                0x080030a0                USART1_IRQHandler
                0x080030a0                OTG_FS_IRQHandler
                0x080030a0                SPI3_IRQHandler
                0x080030a0                DMA1_Stream4_IRQHandler
                0x080030a0                I2C1_ER_IRQHandler
                0x080030a0                DMA2_Stream6_IRQHandler
                0x080030a0                DMA1_Stream3_IRQHandler
 *fill*         0x080030a2        0x2 
 .text.HAL_Init
                0x080030a4       0x44 ./Drivers/STM32F4xx_HAL_Driver/Src/stm32f4xx_hal.o
                0x080030a4                HAL_Init
 .text.HAL_InitTick
                0x080030e8       0x60 ./Drivers/STM32F4xx_HAL_Driver/Src/stm32f4xx_hal.o
                0x080030e8                HAL_InitTick
 .text.HAL_IncTick
                0x08003148       0x28 ./Drivers/STM32F4xx_HAL_Driver/Src/stm32f4xx_hal.o
                0x08003148                HAL_IncTick
 .text.HAL_GetTick
                0x08003170       0x18 ./Drivers/STM32F4xx_HAL_Driver/Src/stm32f4xx_hal.o
                0x08003170                HAL_GetTick
 .text.HAL_ADC_Init
                0x08003188       0x86 ./Drivers/STM32F4xx_HAL_Driver/Src/stm32f4xx_hal_adc.o
                0x08003188                HAL_ADC_Init
 *fill*         0x0800320e        0x2 
 .text.HAL_ADC_Start
                0x08003210      0x1a4 ./Drivers/STM32F4xx_HAL_Driver/Src/stm32f4xx_hal_adc.o
                0x08003210                HAL_ADC_Start
 .text.HAL_ADC_Stop
                0x080033b4       0x66 ./Drivers/STM32F4xx_HAL_Driver/Src/stm32f4xx_hal_adc.o
                0x080033b4                HAL_ADC_Stop
 .text.HAL_ADC_PollForConversion
                0x0800341a      0x116 ./Drivers/STM32F4xx_HAL_Driver/Src/stm32f4xx_hal_adc.o
                0x0800341a                HAL_ADC_PollForConversion
 .text.HAL_ADC_IRQHandler
                0x08003530      0x220 ./Drivers/STM32F4xx_HAL_Driver/Src/stm32f4xx_hal_adc.o
                0x08003530                HAL_ADC_IRQHandler
 .text.HAL_ADC_GetValue
                0x08003750       0x1a ./Drivers/STM32F4xx_HAL_Driver/Src/stm32f4xx_hal_adc.o
                0x08003750                HAL_ADC_GetValue
 .text.HAL_ADC_ConvCpltCallback
                0x0800376a       0x14 ./Drivers/STM32F4xx_HAL_Driver/Src/stm32f4xx_hal_adc.o
                0x0800376a                HAL_ADC_ConvCpltCallback
 .text.HAL_ADC_LevelOutOfWindowCallback
                0x0800377e       0x14 ./Drivers/STM32F4xx_HAL_Driver/Src/stm32f4xx_hal_adc.o
                0x0800377e                HAL_ADC_LevelOutOfWindowCallback
 .text.HAL_ADC_ErrorCallback
                0x08003792       0x14 ./Drivers/STM32F4xx_HAL_Driver/Src/stm32f4xx_hal_adc.o
                0x08003792                HAL_ADC_ErrorCallback
 *fill*         0x080037a6        0x2 
 .text.HAL_ADC_ConfigChannel
                0x080037a8      0x244 ./Drivers/STM32F4xx_HAL_Driver/Src/stm32f4xx_hal_adc.o
                0x080037a8                HAL_ADC_ConfigChannel
 .text.ADC_Init
                0x080039ec      0x1f8 ./Drivers/STM32F4xx_HAL_Driver/Src/stm32f4xx_hal_adc.o
 .text.HAL_ADCEx_InjectedConvCpltCallback
                0x08003be4       0x14 ./Drivers/STM32F4xx_HAL_Driver/Src/stm32f4xx_hal_adc_ex.o
                0x08003be4                HAL_ADCEx_InjectedConvCpltCallback
 .text.HAL_CAN_Init
                0x08003bf8      0x1f6 ./Drivers/STM32F4xx_HAL_Driver/Src/stm32f4xx_hal_can.o
                0x08003bf8                HAL_CAN_Init
 *fill*         0x08003dee        0x2 
 .text.HAL_CAN_ConfigFilter
                0x08003df0      0x1c0 ./Drivers/STM32F4xx_HAL_Driver/Src/stm32f4xx_hal_can.o
                0x08003df0                HAL_CAN_ConfigFilter
 .text.HAL_CAN_Start
                0x08003fb0       0x88 ./Drivers/STM32F4xx_HAL_Driver/Src/stm32f4xx_hal_can.o
                0x08003fb0                HAL_CAN_Start
 .text.HAL_CAN_GetRxMessage
                0x08004038      0x244 ./Drivers/STM32F4xx_HAL_Driver/Src/stm32f4xx_hal_can.o
                0x08004038                HAL_CAN_GetRxMessage
 .text.HAL_CAN_ActivateNotification
                0x0800427c       0x4c ./Drivers/STM32F4xx_HAL_Driver/Src/stm32f4xx_hal_can.o
                0x0800427c                HAL_CAN_ActivateNotification
 .text.HAL_CAN_IRQHandler
                0x080042c8      0x36e ./Drivers/STM32F4xx_HAL_Driver/Src/stm32f4xx_hal_can.o
                0x080042c8                HAL_CAN_IRQHandler
 .text.HAL_CAN_TxMailbox0CompleteCallback
                0x08004636       0x14 ./Drivers/STM32F4xx_HAL_Driver/Src/stm32f4xx_hal_can.o
                0x08004636                HAL_CAN_TxMailbox0CompleteCallback
 .text.HAL_CAN_TxMailbox1CompleteCallback
                0x0800464a       0x14 ./Drivers/STM32F4xx_HAL_Driver/Src/stm32f4xx_hal_can.o
                0x0800464a                HAL_CAN_TxMailbox1CompleteCallback
 .text.HAL_CAN_TxMailbox2CompleteCallback
                0x0800465e       0x14 ./Drivers/STM32F4xx_HAL_Driver/Src/stm32f4xx_hal_can.o
                0x0800465e                HAL_CAN_TxMailbox2CompleteCallback
 .text.HAL_CAN_TxMailbox0AbortCallback
                0x08004672       0x14 ./Drivers/STM32F4xx_HAL_Driver/Src/stm32f4xx_hal_can.o
                0x08004672                HAL_CAN_TxMailbox0AbortCallback
 .text.HAL_CAN_TxMailbox1AbortCallback
                0x08004686       0x14 ./Drivers/STM32F4xx_HAL_Driver/Src/stm32f4xx_hal_can.o
                0x08004686                HAL_CAN_TxMailbox1AbortCallback
 .text.HAL_CAN_TxMailbox2AbortCallback
                0x0800469a       0x14 ./Drivers/STM32F4xx_HAL_Driver/Src/stm32f4xx_hal_can.o
                0x0800469a                HAL_CAN_TxMailbox2AbortCallback
 .text.HAL_CAN_RxFifo0FullCallback
                0x080046ae       0x14 ./Drivers/STM32F4xx_HAL_Driver/Src/stm32f4xx_hal_can.o
                0x080046ae                HAL_CAN_RxFifo0FullCallback
 .text.HAL_CAN_RxFifo1MsgPendingCallback
                0x080046c2       0x14 ./Drivers/STM32F4xx_HAL_Driver/Src/stm32f4xx_hal_can.o
                0x080046c2                HAL_CAN_RxFifo1MsgPendingCallback
 .text.HAL_CAN_RxFifo1FullCallback
                0x080046d6       0x14 ./Drivers/STM32F4xx_HAL_Driver/Src/stm32f4xx_hal_can.o
                0x080046d6                HAL_CAN_RxFifo1FullCallback
 .text.HAL_CAN_SleepCallback
                0x080046ea       0x14 ./Drivers/STM32F4xx_HAL_Driver/Src/stm32f4xx_hal_can.o
                0x080046ea                HAL_CAN_SleepCallback
 .text.HAL_CAN_WakeUpFromRxMsgCallback
                0x080046fe       0x14 ./Drivers/STM32F4xx_HAL_Driver/Src/stm32f4xx_hal_can.o
                0x080046fe                HAL_CAN_WakeUpFromRxMsgCallback
 .text.HAL_CAN_GetError
                0x08004712       0x18 ./Drivers/STM32F4xx_HAL_Driver/Src/stm32f4xx_hal_can.o
                0x08004712                HAL_CAN_GetError
 *fill*         0x0800472a        0x2 
 .text.__NVIC_SetPriorityGrouping
                0x0800472c       0x48 ./Drivers/STM32F4xx_HAL_Driver/Src/stm32f4xx_hal_cortex.o
 .text.__NVIC_GetPriorityGrouping
                0x08004774       0x1c ./Drivers/STM32F4xx_HAL_Driver/Src/stm32f4xx_hal_cortex.o
 .text.__NVIC_EnableIRQ
                0x08004790       0x3c ./Drivers/STM32F4xx_HAL_Driver/Src/stm32f4xx_hal_cortex.o
 .text.__NVIC_SetPriority
                0x080047cc       0x54 ./Drivers/STM32F4xx_HAL_Driver/Src/stm32f4xx_hal_cortex.o
 .text.NVIC_EncodePriority
                0x08004820       0x66 ./Drivers/STM32F4xx_HAL_Driver/Src/stm32f4xx_hal_cortex.o
 *fill*         0x08004886        0x2 
 .text.SysTick_Config
                0x08004888       0x44 ./Drivers/STM32F4xx_HAL_Driver/Src/stm32f4xx_hal_cortex.o
 .text.HAL_NVIC_SetPriorityGrouping
                0x080048cc       0x16 ./Drivers/STM32F4xx_HAL_Driver/Src/stm32f4xx_hal_cortex.o
                0x080048cc                HAL_NVIC_SetPriorityGrouping
 .text.HAL_NVIC_SetPriority
                0x080048e2       0x38 ./Drivers/STM32F4xx_HAL_Driver/Src/stm32f4xx_hal_cortex.o
                0x080048e2                HAL_NVIC_SetPriority
 .text.HAL_NVIC_EnableIRQ
                0x0800491a       0x1c ./Drivers/STM32F4xx_HAL_Driver/Src/stm32f4xx_hal_cortex.o
                0x0800491a                HAL_NVIC_EnableIRQ
 .text.HAL_SYSTICK_Config
                0x08004936       0x18 ./Drivers/STM32F4xx_HAL_Driver/Src/stm32f4xx_hal_cortex.o
                0x08004936                HAL_SYSTICK_Config
 .text.HAL_DAC_Init
                0x0800494e       0x44 ./Drivers/STM32F4xx_HAL_Driver/Src/stm32f4xx_hal_dac.o
                0x0800494e                HAL_DAC_Init
 .text.HAL_DAC_Start
                0x08004992       0xae ./Drivers/STM32F4xx_HAL_Driver/Src/stm32f4xx_hal_dac.o
                0x08004992                HAL_DAC_Start
 .text.HAL_DAC_IRQHandler
                0x08004a40       0xac ./Drivers/STM32F4xx_HAL_Driver/Src/stm32f4xx_hal_dac.o
                0x08004a40                HAL_DAC_IRQHandler
 .text.HAL_DAC_SetValue
                0x08004aec       0x54 ./Drivers/STM32F4xx_HAL_Driver/Src/stm32f4xx_hal_dac.o
                0x08004aec                HAL_DAC_SetValue
 .text.HAL_DAC_DMAUnderrunCallbackCh1
                0x08004b40       0x14 ./Drivers/STM32F4xx_HAL_Driver/Src/stm32f4xx_hal_dac.o
                0x08004b40                HAL_DAC_DMAUnderrunCallbackCh1
 .text.HAL_DAC_ConfigChannel
                0x08004b54       0xb2 ./Drivers/STM32F4xx_HAL_Driver/Src/stm32f4xx_hal_dac.o
                0x08004b54                HAL_DAC_ConfigChannel
 .text.HAL_DACEx_DMAUnderrunCallbackCh2
                0x08004c06       0x14 ./Drivers/STM32F4xx_HAL_Driver/Src/stm32f4xx_hal_dac_ex.o
                0x08004c06                HAL_DACEx_DMAUnderrunCallbackCh2
 *fill*         0x08004c1a        0x2 
 .text.HAL_GPIO_Init
                0x08004c1c      0x338 ./Drivers/STM32F4xx_HAL_Driver/Src/stm32f4xx_hal_gpio.o
                0x08004c1c                HAL_GPIO_Init
 .text.HAL_GPIO_WritePin
                0x08004f54       0x32 ./Drivers/STM32F4xx_HAL_Driver/Src/stm32f4xx_hal_gpio.o
                0x08004f54                HAL_GPIO_WritePin
 *fill*         0x08004f86        0x2 
 .text.HAL_I2C_Init
                0x08004f88      0x288 ./Drivers/STM32F4xx_HAL_Driver/Src/stm32f4xx_hal_i2c.o
                0x08004f88                HAL_I2C_Init
 .text.HAL_RCC_OscConfig
                0x08005210      0x4f0 ./Drivers/STM32F4xx_HAL_Driver/Src/stm32f4xx_hal_rcc.o
                0x08005210                HAL_RCC_OscConfig
 .text.HAL_RCC_ClockConfig
                0x08005700      0x1cc ./Drivers/STM32F4xx_HAL_Driver/Src/stm32f4xx_hal_rcc.o
                0x08005700                HAL_RCC_ClockConfig
 .text.HAL_RCC_GetSysClockFreq
                0x080058cc      0x18c ./Drivers/STM32F4xx_HAL_Driver/Src/stm32f4xx_hal_rcc.o
                0x080058cc                HAL_RCC_GetSysClockFreq
 .text.HAL_RCC_GetHCLKFreq
                0x08005a58       0x18 ./Drivers/STM32F4xx_HAL_Driver/Src/stm32f4xx_hal_rcc.o
                0x08005a58                HAL_RCC_GetHCLKFreq
 .text.HAL_RCC_GetPCLK1Freq
                0x08005a70       0x28 ./Drivers/STM32F4xx_HAL_Driver/Src/stm32f4xx_hal_rcc.o
                0x08005a70                HAL_RCC_GetPCLK1Freq
 .text.HAL_TIM_Base_Init
                0x08005a98       0x9e ./Drivers/STM32F4xx_HAL_Driver/Src/stm32f4xx_hal_tim.o
                0x08005a98                HAL_TIM_Base_Init
 *fill*         0x08005b36        0x2 
 .text.HAL_TIM_Base_Start_IT
                0x08005b38       0xe0 ./Drivers/STM32F4xx_HAL_Driver/Src/stm32f4xx_hal_tim.o
                0x08005b38                HAL_TIM_Base_Start_IT
 .text.HAL_TIM_Base_Stop_IT
                0x08005c18       0x5e ./Drivers/STM32F4xx_HAL_Driver/Src/stm32f4xx_hal_tim.o
                0x08005c18                HAL_TIM_Base_Stop_IT
 .text.HAL_TIM_PWM_Init
                0x08005c76       0x9e ./Drivers/STM32F4xx_HAL_Driver/Src/stm32f4xx_hal_tim.o
                0x08005c76                HAL_TIM_PWM_Init
 .text.HAL_TIM_PWM_Start
                0x08005d14      0x190 ./Drivers/STM32F4xx_HAL_Driver/Src/stm32f4xx_hal_tim.o
                0x08005d14                HAL_TIM_PWM_Start
 .text.HAL_TIM_IC_Init
                0x08005ea4       0x9e ./Drivers/STM32F4xx_HAL_Driver/Src/stm32f4xx_hal_tim.o
                0x08005ea4                HAL_TIM_IC_Init
 .text.HAL_TIM_IC_MspInit
                0x08005f42       0x14 ./Drivers/STM32F4xx_HAL_Driver/Src/stm32f4xx_hal_tim.o
                0x08005f42                HAL_TIM_IC_MspInit
 *fill*         0x08005f56        0x2 
 .text.HAL_TIM_IC_Start_IT
                0x08005f58      0x250 ./Drivers/STM32F4xx_HAL_Driver/Src/stm32f4xx_hal_tim.o
                0x08005f58                HAL_TIM_IC_Start_IT
 .text.HAL_TIM_IRQHandler
                0x080061a8      0x1e0 ./Drivers/STM32F4xx_HAL_Driver/Src/stm32f4xx_hal_tim.o
                0x080061a8                HAL_TIM_IRQHandler
 .text.HAL_TIM_IC_ConfigChannel
                0x08006388      0x138 ./Drivers/STM32F4xx_HAL_Driver/Src/stm32f4xx_hal_tim.o
                0x08006388                HAL_TIM_IC_ConfigChannel
 .text.HAL_TIM_PWM_ConfigChannel
                0x080064c0      0x184 ./Drivers/STM32F4xx_HAL_Driver/Src/stm32f4xx_hal_tim.o
                0x080064c0                HAL_TIM_PWM_ConfigChannel
 .text.HAL_TIM_ConfigClockSource
                0x08006644      0x18e ./Drivers/STM32F4xx_HAL_Driver/Src/stm32f4xx_hal_tim.o
                0x08006644                HAL_TIM_ConfigClockSource
 .text.HAL_TIM_PeriodElapsedCallback
                0x080067d2       0x14 ./Drivers/STM32F4xx_HAL_Driver/Src/stm32f4xx_hal_tim.o
                0x080067d2                HAL_TIM_PeriodElapsedCallback
 .text.HAL_TIM_OC_DelayElapsedCallback
                0x080067e6       0x14 ./Drivers/STM32F4xx_HAL_Driver/Src/stm32f4xx_hal_tim.o
                0x080067e6                HAL_TIM_OC_DelayElapsedCallback
 .text.HAL_TIM_PWM_PulseFinishedCallback
                0x080067fa       0x14 ./Drivers/STM32F4xx_HAL_Driver/Src/stm32f4xx_hal_tim.o
                0x080067fa                HAL_TIM_PWM_PulseFinishedCallback
 .text.HAL_TIM_TriggerCallback
                0x0800680e       0x14 ./Drivers/STM32F4xx_HAL_Driver/Src/stm32f4xx_hal_tim.o
                0x0800680e                HAL_TIM_TriggerCallback
 *fill*         0x08006822        0x2 
 .text.TIM_Base_SetConfig
                0x08006824      0x158 ./Drivers/STM32F4xx_HAL_Driver/Src/stm32f4xx_hal_tim.o
                0x08006824                TIM_Base_SetConfig
 .text.TIM_OC1_SetConfig
                0x0800697c       0xe0 ./Drivers/STM32F4xx_HAL_Driver/Src/stm32f4xx_hal_tim.o
 .text.TIM_OC2_SetConfig
                0x08006a5c       0xec ./Drivers/STM32F4xx_HAL_Driver/Src/stm32f4xx_hal_tim.o
                0x08006a5c                TIM_OC2_SetConfig
 .text.TIM_OC3_SetConfig
                0x08006b48       0xe8 ./Drivers/STM32F4xx_HAL_Driver/Src/stm32f4xx_hal_tim.o
 .text.TIM_OC4_SetConfig
                0x08006c30       0xac ./Drivers/STM32F4xx_HAL_Driver/Src/stm32f4xx_hal_tim.o
 .text.TIM_TI1_SetConfig
                0x08006cdc       0xe8 ./Drivers/STM32F4xx_HAL_Driver/Src/stm32f4xx_hal_tim.o
                0x08006cdc                TIM_TI1_SetConfig
 .text.TIM_TI1_ConfigInputStage
                0x08006dc4       0x5e ./Drivers/STM32F4xx_HAL_Driver/Src/stm32f4xx_hal_tim.o
 .text.TIM_TI2_SetConfig
                0x08006e22       0x7a ./Drivers/STM32F4xx_HAL_Driver/Src/stm32f4xx_hal_tim.o
 .text.TIM_TI2_ConfigInputStage
                0x08006e9c       0x60 ./Drivers/STM32F4xx_HAL_Driver/Src/stm32f4xx_hal_tim.o
 .text.TIM_TI3_SetConfig
                0x08006efc       0x78 ./Drivers/STM32F4xx_HAL_Driver/Src/stm32f4xx_hal_tim.o
 .text.TIM_TI4_SetConfig
                0x08006f74       0x7a ./Drivers/STM32F4xx_HAL_Driver/Src/stm32f4xx_hal_tim.o
 .text.TIM_ITRx_SetConfig
                0x08006fee       0x36 ./Drivers/STM32F4xx_HAL_Driver/Src/stm32f4xx_hal_tim.o
 .text.TIM_ETR_SetConfig
                0x08007024       0x40 ./Drivers/STM32F4xx_HAL_Driver/Src/stm32f4xx_hal_tim.o
                0x08007024                TIM_ETR_SetConfig
 .text.TIM_CCxChannelCmd
                0x08007064       0x4a ./Drivers/STM32F4xx_HAL_Driver/Src/stm32f4xx_hal_tim.o
                0x08007064                TIM_CCxChannelCmd
 *fill*         0x080070ae        0x2 
 .text.HAL_TIMEx_PWMN_Start
                0x080070b0      0x174 ./Drivers/STM32F4xx_HAL_Driver/Src/stm32f4xx_hal_tim_ex.o
                0x080070b0                HAL_TIMEx_PWMN_Start
 .text.HAL_TIMEx_MasterConfigSynchronization
                0x08007224       0xf8 ./Drivers/STM32F4xx_HAL_Driver/Src/stm32f4xx_hal_tim_ex.o
                0x08007224                HAL_TIMEx_MasterConfigSynchronization
 .text.HAL_TIMEx_ConfigBreakDeadTime
                0x0800731c       0xa4 ./Drivers/STM32F4xx_HAL_Driver/Src/stm32f4xx_hal_tim_ex.o
                0x0800731c                HAL_TIMEx_ConfigBreakDeadTime
 .text.HAL_TIMEx_CommutCallback
                0x080073c0       0x14 ./Drivers/STM32F4xx_HAL_Driver/Src/stm32f4xx_hal_tim_ex.o
                0x080073c0                HAL_TIMEx_CommutCallback
 .text.HAL_TIMEx_BreakCallback
                0x080073d4       0x14 ./Drivers/STM32F4xx_HAL_Driver/Src/stm32f4xx_hal_tim_ex.o
                0x080073d4                HAL_TIMEx_BreakCallback
 .text.TIM_CCxNChannelCmd
                0x080073e8       0x4a ./Drivers/STM32F4xx_HAL_Driver/Src/stm32f4xx_hal_tim_ex.o
 .text.powf     0x08007432       0xae /opt/st/stm32cubeide_1.17.0/plugins/com.st.stm32cube.ide.mcu.externaltools.gnu-tools-for-stm32.12.3.rel1.linux64_1.1.0.202410170702/tools/bin/../lib/gcc/arm-none-eabi/12.3.1/../../../../arm-none-eabi/lib/thumb/v7e-m+fp/hard/libm.a(libm_a-wf_pow.o)
                0x08007432                powf
 .text.finitef  0x080074e0       0x14 /opt/st/stm32cubeide_1.17.0/plugins/com.st.stm32cube.ide.mcu.externaltools.gnu-tools-for-stm32.12.3.rel1.linux64_1.1.0.202410170702/tools/bin/../lib/gcc/arm-none-eabi/12.3.1/../../../../arm-none-eabi/lib/thumb/v7e-m+fp/hard/libm.a(libm_a-sf_finite.o)
                0x080074e0                finitef
 .text.__ieee754_powf
                0x080074f4      0x5a0 /opt/st/stm32cubeide_1.17.0/plugins/com.st.stm32cube.ide.mcu.externaltools.gnu-tools-for-stm32.12.3.rel1.linux64_1.1.0.202410170702/tools/bin/../lib/gcc/arm-none-eabi/12.3.1/../../../../arm-none-eabi/lib/thumb/v7e-m+fp/hard/libm.a(libm_a-ef_pow.o)
                0x080074f4                __ieee754_powf
 .text.fabsf    0x08007a94        0xe /opt/st/stm32cubeide_1.17.0/plugins/com.st.stm32cube.ide.mcu.externaltools.gnu-tools-for-stm32.12.3.rel1.linux64_1.1.0.202410170702/tools/bin/../lib/gcc/arm-none-eabi/12.3.1/../../../../arm-none-eabi/lib/thumb/v7e-m+fp/hard/libm.a(libm_a-sf_fabs.o)
                0x08007a94                fabsf
 *fill*         0x08007aa2        0x2 
 .text.scalbnf  0x08007aa4       0xcc /opt/st/stm32cubeide_1.17.0/plugins/com.st.stm32cube.ide.mcu.externaltools.gnu-tools-for-stm32.12.3.rel1.linux64_1.1.0.202410170702/tools/bin/../lib/gcc/arm-none-eabi/12.3.1/../../../../arm-none-eabi/lib/thumb/v7e-m+fp/hard/libm.a(libm_a-sf_scalbn.o)
                0x08007aa4                scalbnf
 .text.with_errnof
                0x08007b70       0x1c /opt/st/stm32cubeide_1.17.0/plugins/com.st.stm32cube.ide.mcu.externaltools.gnu-tools-for-stm32.12.3.rel1.linux64_1.1.0.202410170702/tools/bin/../lib/gcc/arm-none-eabi/12.3.1/../../../../arm-none-eabi/lib/thumb/v7e-m+fp/hard/libm.a(libm_a-math_errf.o)
 .text.xflowf   0x08007b8c       0x16 /opt/st/stm32cubeide_1.17.0/plugins/com.st.stm32cube.ide.mcu.externaltools.gnu-tools-for-stm32.12.3.rel1.linux64_1.1.0.202410170702/tools/bin/../lib/gcc/arm-none-eabi/12.3.1/../../../../arm-none-eabi/lib/thumb/v7e-m+fp/hard/libm.a(libm_a-math_errf.o)
 *fill*         0x08007ba2        0x2 
 .text.__math_uflowf
                0x08007ba4        0xc /opt/st/stm32cubeide_1.17.0/plugins/com.st.stm32cube.ide.mcu.externaltools.gnu-tools-for-stm32.12.3.rel1.linux64_1.1.0.202410170702/tools/bin/../lib/gcc/arm-none-eabi/12.3.1/../../../../arm-none-eabi/lib/thumb/v7e-m+fp/hard/libm.a(libm_a-math_errf.o)
                0x08007ba4                __math_uflowf
 .text.__math_oflowf
                0x08007bb0        0xc /opt/st/stm32cubeide_1.17.0/plugins/com.st.stm32cube.ide.mcu.externaltools.gnu-tools-for-stm32.12.3.rel1.linux64_1.1.0.202410170702/tools/bin/../lib/gcc/arm-none-eabi/12.3.1/../../../../arm-none-eabi/lib/thumb/v7e-m+fp/hard/libm.a(libm_a-math_errf.o)
                0x08007bb0                __math_oflowf
 .text.__ieee754_sqrtf
                0x08007bbc        0x6 /opt/st/stm32cubeide_1.17.0/plugins/com.st.stm32cube.ide.mcu.externaltools.gnu-tools-for-stm32.12.3.rel1.linux64_1.1.0.202410170702/tools/bin/../lib/gcc/arm-none-eabi/12.3.1/../../../../arm-none-eabi/lib/thumb/v7e-m+fp/hard/libm.a(libm_a-ef_sqrt.o)
                0x08007bbc                __ieee754_sqrtf
 .text.memset   0x08007bc2       0x10 /opt/st/stm32cubeide_1.17.0/plugins/com.st.stm32cube.ide.mcu.externaltools.gnu-tools-for-stm32.12.3.rel1.linux64_1.1.0.202410170702/tools/bin/../lib/gcc/arm-none-eabi/12.3.1/../../../../arm-none-eabi/lib/thumb/v7e-m+fp/hard/libc_nano.a(libc_a-memset.o)
                0x08007bc2                memset
 *fill*         0x08007bd2        0x2 
 .text.__errno  0x08007bd4        0xc /opt/st/stm32cubeide_1.17.0/plugins/com.st.stm32cube.ide.mcu.externaltools.gnu-tools-for-stm32.12.3.rel1.linux64_1.1.0.202410170702/tools/bin/../lib/gcc/arm-none-eabi/12.3.1/../../../../arm-none-eabi/lib/thumb/v7e-m+fp/hard/libc_nano.a(libc_a-errno.o)
                0x08007bd4                __errno
 .text.__libc_init_array
                0x08007be0       0x48 /opt/st/stm32cubeide_1.17.0/plugins/com.st.stm32cube.ide.mcu.externaltools.gnu-tools-for-stm32.12.3.rel1.linux64_1.1.0.202410170702/tools/bin/../lib/gcc/arm-none-eabi/12.3.1/../../../../arm-none-eabi/lib/thumb/v7e-m+fp/hard/libc_nano.a(libc_a-init.o)
                0x08007be0                __libc_init_array
 *(.glue_7)
 .glue_7        0x08007c28        0x0 linker stubs
 *(.glue_7t)
 .glue_7t       0x08007c28        0x0 linker stubs
 *(.eh_frame)
 .eh_frame      0x08007c28        0x0 /opt/st/stm32cubeide_1.17.0/plugins/com.st.stm32cube.ide.mcu.externaltools.gnu-tools-for-stm32.12.3.rel1.linux64_1.1.0.202410170702/tools/bin/../lib/gcc/arm-none-eabi/12.3.1/thumb/v7e-m+fp/hard/crtbegin.o
 *(.init)
 .init          0x08007c28        0x4 /opt/st/stm32cubeide_1.17.0/plugins/com.st.stm32cube.ide.mcu.externaltools.gnu-tools-for-stm32.12.3.rel1.linux64_1.1.0.202410170702/tools/bin/../lib/gcc/arm-none-eabi/12.3.1/thumb/v7e-m+fp/hard/crti.o
                0x08007c28                _init
 .init          0x08007c2c        0x8 /opt/st/stm32cubeide_1.17.0/plugins/com.st.stm32cube.ide.mcu.externaltools.gnu-tools-for-stm32.12.3.rel1.linux64_1.1.0.202410170702/tools/bin/../lib/gcc/arm-none-eabi/12.3.1/thumb/v7e-m+fp/hard/crtn.o
 *(.fini)
 .fini          0x08007c34        0x4 /opt/st/stm32cubeide_1.17.0/plugins/com.st.stm32cube.ide.mcu.externaltools.gnu-tools-for-stm32.12.3.rel1.linux64_1.1.0.202410170702/tools/bin/../lib/gcc/arm-none-eabi/12.3.1/thumb/v7e-m+fp/hard/crti.o
                0x08007c34                _fini
 .fini          0x08007c38        0x8 /opt/st/stm32cubeide_1.17.0/plugins/com.st.stm32cube.ide.mcu.externaltools.gnu-tools-for-stm32.12.3.rel1.linux64_1.1.0.202410170702/tools/bin/../lib/gcc/arm-none-eabi/12.3.1/thumb/v7e-m+fp/hard/crtn.o
                0x08007c40                        . = ALIGN (0x4)
                0x08007c40                        _etext = .

.vfp11_veneer   0x08007c40        0x0
 .vfp11_veneer  0x08007c40        0x0 linker stubs

.v4_bx          0x08007c40        0x0
 .v4_bx         0x08007c40        0x0 linker stubs

.iplt           0x08007c40        0x0
 .iplt          0x08007c40        0x0 /opt/st/stm32cubeide_1.17.0/plugins/com.st.stm32cube.ide.mcu.externaltools.gnu-tools-for-stm32.12.3.rel1.linux64_1.1.0.202410170702/tools/bin/../lib/gcc/arm-none-eabi/12.3.1/thumb/v7e-m+fp/hard/crtbegin.o

.rodata         0x08007c40       0x30
                0x08007c40                        . = ALIGN (0x4)
 *(.rodata)
 *(.rodata*)
 .rodata.AHBPrescTable
                0x08007c40       0x10 ./Core/Src/system_stm32f4xx.o
                0x08007c40                AHBPrescTable
 .rodata.APBPrescTable
                0x08007c50        0x8 ./Core/Src/system_stm32f4xx.o
                0x08007c50                APBPrescTable
 .rodata.dp_l   0x08007c58        0x8 /opt/st/stm32cubeide_1.17.0/plugins/com.st.stm32cube.ide.mcu.externaltools.gnu-tools-for-stm32.12.3.rel1.linux64_1.1.0.202410170702/tools/bin/../lib/gcc/arm-none-eabi/12.3.1/../../../../arm-none-eabi/lib/thumb/v7e-m+fp/hard/libm.a(libm_a-ef_pow.o)
 .rodata.dp_h   0x08007c60        0x8 /opt/st/stm32cubeide_1.17.0/plugins/com.st.stm32cube.ide.mcu.externaltools.gnu-tools-for-stm32.12.3.rel1.linux64_1.1.0.202410170702/tools/bin/../lib/gcc/arm-none-eabi/12.3.1/../../../../arm-none-eabi/lib/thumb/v7e-m+fp/hard/libm.a(libm_a-ef_pow.o)
 .rodata.bp     0x08007c68        0x8 /opt/st/stm32cubeide_1.17.0/plugins/com.st.stm32cube.ide.mcu.externaltools.gnu-tools-for-stm32.12.3.rel1.linux64_1.1.0.202410170702/tools/bin/../lib/gcc/arm-none-eabi/12.3.1/../../../../arm-none-eabi/lib/thumb/v7e-m+fp/hard/libm.a(libm_a-ef_pow.o)
                0x08007c70                        . = ALIGN (0x4)

.ARM.extab      0x08007c70        0x0
                0x08007c70                        . = ALIGN (0x4)
 *(.ARM.extab* .gnu.linkonce.armextab.*)
                0x08007c70                        . = ALIGN (0x4)

.ARM            0x08007c70        0x8
                0x08007c70                        . = ALIGN (0x4)
                0x08007c70                        __exidx_start = .
 *(.ARM.exidx*)
 .ARM.exidx     0x08007c70        0x8 /opt/st/stm32cubeide_1.17.0/plugins/com.st.stm32cube.ide.mcu.externaltools.gnu-tools-for-stm32.12.3.rel1.linux64_1.1.0.202410170702/tools/bin/../lib/gcc/arm-none-eabi/12.3.1/thumb/v7e-m+fp/hard/libgcc.a(_udivmoddi4.o)
                0x08007c78                        __exidx_end = .
                0x08007c78                        . = ALIGN (0x4)

.rel.dyn        0x08007c78        0x0
 .rel.iplt      0x08007c78        0x0 /opt/st/stm32cubeide_1.17.0/plugins/com.st.stm32cube.ide.mcu.externaltools.gnu-tools-for-stm32.12.3.rel1.linux64_1.1.0.202410170702/tools/bin/../lib/gcc/arm-none-eabi/12.3.1/thumb/v7e-m+fp/hard/crtbegin.o

.preinit_array  0x08007c78        0x0
                0x08007c78                        . = ALIGN (0x4)
                0x08007c78                        PROVIDE (__preinit_array_start = .)
 *(.preinit_array*)
                0x08007c78                        PROVIDE (__preinit_array_end = .)
                0x08007c78                        . = ALIGN (0x4)

.init_array     0x08007c78        0x4
                0x08007c78                        . = ALIGN (0x4)
                0x08007c78                        PROVIDE (__init_array_start = .)
 *(SORT_BY_NAME(.init_array.*))
 *(.init_array*)
 .init_array    0x08007c78        0x4 /opt/st/stm32cubeide_1.17.0/plugins/com.st.stm32cube.ide.mcu.externaltools.gnu-tools-for-stm32.12.3.rel1.linux64_1.1.0.202410170702/tools/bin/../lib/gcc/arm-none-eabi/12.3.1/thumb/v7e-m+fp/hard/crtbegin.o
                0x08007c7c                        PROVIDE (__init_array_end = .)
                0x08007c7c                        . = ALIGN (0x4)

.fini_array     0x08007c7c        0x4
                0x08007c7c                        . = ALIGN (0x4)
                [!provide]                        PROVIDE (__fini_array_start = .)
 *(SORT_BY_NAME(.fini_array.*))
 *(.fini_array*)
 .fini_array    0x08007c7c        0x4 /opt/st/stm32cubeide_1.17.0/plugins/com.st.stm32cube.ide.mcu.externaltools.gnu-tools-for-stm32.12.3.rel1.linux64_1.1.0.202410170702/tools/bin/../lib/gcc/arm-none-eabi/12.3.1/thumb/v7e-m+fp/hard/crtbegin.o
                [!provide]                        PROVIDE (__fini_array_end = .)
                0x08007c80                        . = ALIGN (0x4)
                0x08007c80                        _sidata = LOADADDR (.data)

.data           0x20000000      0x5dc load address 0x08007c80
                0x20000000                        . = ALIGN (0x4)
                0x20000000                        _sdata = .
 *(.data)
 *(.data*)
 .data.factor   0x20000000        0x4 ./Core/Src/rotation_control.o
                0x20000000                factor
 .data.pwm_arr  0x20000004      0x4b2 ./Core/Src/rotation_control.o
 *fill*         0x200004b6        0x2 
 .data.speedTracker
                0x200004b8       0x24 ./Core/Src/speed_tracker.o
 .data.SystemCoreClock
                0x200004dc        0x4 ./Core/Src/system_stm32f4xx.o
                0x200004dc                SystemCoreClock
 .data.enableDisableIT
                0x200004e0        0x1 ./Core/Src/trajectory_control.o
 *fill*         0x200004e1        0x3 
 .data.task_target
                0x200004e4        0xc ./Core/Src/trajectory_control.o
                0x200004e4                task_target
 .data.arr_speed
                0x200004f0       0x44 ./Core/Src/trajectory_control.o
                0x200004f0                arr_speed
 .data.arr_control
                0x20000534       0x44 ./Core/Src/trajectory_control.o
                0x20000534                arr_control
 .data.voltageControl
                0x20000578        0xc ./Core/Src/voltage_control.o
 .data.uwTickPrio
                0x20000584        0x4 ./Drivers/STM32F4xx_HAL_Driver/Src/stm32f4xx_hal.o
                0x20000584                uwTickPrio
 .data.uwTickFreq
                0x20000588        0x1 ./Drivers/STM32F4xx_HAL_Driver/Src/stm32f4xx_hal.o
                0x20000588                uwTickFreq
 *fill*         0x20000589        0x3 
 .data._impure_ptr
                0x2000058c        0x4 /opt/st/stm32cubeide_1.17.0/plugins/com.st.stm32cube.ide.mcu.externaltools.gnu-tools-for-stm32.12.3.rel1.linux64_1.1.0.202410170702/tools/bin/../lib/gcc/arm-none-eabi/12.3.1/../../../../arm-none-eabi/lib/thumb/v7e-m+fp/hard/libc_nano.a(libc_a-impure.o)
                0x2000058c                _impure_ptr
 .data._impure_data
                0x20000590       0x4c /opt/st/stm32cubeide_1.17.0/plugins/com.st.stm32cube.ide.mcu.externaltools.gnu-tools-for-stm32.12.3.rel1.linux64_1.1.0.202410170702/tools/bin/../lib/gcc/arm-none-eabi/12.3.1/../../../../arm-none-eabi/lib/thumb/v7e-m+fp/hard/libc_nano.a(libc_a-impure.o)
                0x20000590                _impure_data
 *(.RamFunc)
 *(.RamFunc*)
                0x200005dc                        . = ALIGN (0x4)
                0x200005dc                        _edata = .
                0x0800825c                        _siccmram = LOADADDR (.ccmram)

.igot.plt       0x200005dc        0x0 load address 0x0800825c
 .igot.plt      0x200005dc        0x0 /opt/st/stm32cubeide_1.17.0/plugins/com.st.stm32cube.ide.mcu.externaltools.gnu-tools-for-stm32.12.3.rel1.linux64_1.1.0.202410170702/tools/bin/../lib/gcc/arm-none-eabi/12.3.1/thumb/v7e-m+fp/hard/crtbegin.o

.ccmram         0x10000000        0x0 load address 0x0800825c
                0x10000000                        . = ALIGN (0x4)
                0x10000000                        _sccmram = .
 *(.ccmram)
 *(.ccmram*)
                0x10000000                        . = ALIGN (0x4)
                0x10000000                        _eccmram = .
                0x10000000                        . = ALIGN (0x4)

.bss            0x200005dc     0x2434
                0x200005dc                        _sbss = .
                0x200005dc                        __bss_start__ = _sbss
 *(.bss)
 .bss           0x200005dc       0x1c /opt/st/stm32cubeide_1.17.0/plugins/com.st.stm32cube.ide.mcu.externaltools.gnu-tools-for-stm32.12.3.rel1.linux64_1.1.0.202410170702/tools/bin/../lib/gcc/arm-none-eabi/12.3.1/thumb/v7e-m+fp/hard/crtbegin.o
 *(.bss*)
 .bss.hadc1     0x200005f8       0x48 ./Core/Src/adc.o
                0x200005f8                hadc1
 .bss.hcan1     0x20000640       0x28 ./Core/Src/can.o
                0x20000640                hcan1
 .bss.hcan2     0x20000668       0x28 ./Core/Src/can.o
                0x20000668                hcan2
 .bss.HAL_RCC_CAN1_CLK_ENABLED
                0x20000690        0x4 ./Core/Src/can.o
 .bss.hdac      0x20000694       0x14 ./Core/Src/dac.o
                0x20000694                hdac
 .bss.hi2c1     0x200006a8       0x54 ./Core/Src/i2c.o
                0x200006a8                hi2c1
 .bss.TxHeader  0x200006fc       0x18 ./Core/Src/main.o
                0x200006fc                TxHeader
 .bss.RxHeader  0x20000714       0x1c ./Core/Src/main.o
                0x20000714                RxHeader
 .bss.TxData    0x20000730        0x8 ./Core/Src/main.o
                0x20000730                TxData
 .bss.RxData    0x20000738        0x8 ./Core/Src/main.o
                0x20000738                RxData
 .bss.can_errors_count
                0x20000740        0x1 ./Core/Src/main.o
                0x20000740                can_errors_count
 *fill*         0x20000741        0x3 
 .bss.can_errors
                0x20000744       0x40 ./Core/Src/main.o
                0x20000744                can_errors
 .bss.can_spd   0x20000784        0x4 ./Core/Src/main.o
                0x20000784                can_spd
 .bss.flag_speed
                0x20000788        0x1 ./Core/Src/main.o
                0x20000788                flag_speed
 *fill*         0x20000789        0x3 
 .bss.target_speed
                0x2000078c        0x4 ./Core/Src/main.o
                0x2000078c                target_speed
 .bss.flag_volt
                0x20000790        0x1 ./Core/Src/main.o
                0x20000790                flag_volt
 *fill*         0x20000791        0x3 
 .bss.target_dac
                0x20000794        0x4 ./Core/Src/main.o
                0x20000794                target_dac
 .bss.flag_acceleration
                0x20000798        0x1 ./Core/Src/main.o
                0x20000798                flag_acceleration
 *fill*         0x20000799        0x3 
 .bss.target_acceleration
                0x2000079c        0x4 ./Core/Src/main.o
                0x2000079c                target_acceleration
 .bss.motorSupervisor
                0x200007a0        0x1 ./Core/Src/motor_supervisor.o
 *fill*         0x200007a1        0x1 
 .bss.pwm_counter
                0x200007a2        0x2 ./Core/Src/rotation_control.o
 .bss.spin_direction
                0x200007a4        0x1 ./Core/Src/rotation_control.o
                0x200007a4                spin_direction
 *fill*         0x200007a5        0x1 
 .bss.CNTvalue  0x200007a6        0x2 ./Core/Src/rotation_control.o
 .bss.htim2     0x200007a8       0x48 ./Core/Src/tim.o
                0x200007a8                htim2
 .bss.htim5     0x200007f0       0x48 ./Core/Src/tim.o
                0x200007f0                htim5
 .bss.htim6     0x20000838       0x48 ./Core/Src/tim.o
                0x20000838                htim6
 .bss.htim8     0x20000880       0x48 ./Core/Src/tim.o
                0x20000880                htim8
 .bss.speed_arr
                0x200008c8     0x2000 ./Core/Src/trajectory_control.o
 .bss.speed_arr_len
                0x200028c8        0x4 ./Core/Src/trajectory_control.o
 .bss.index     0x200028cc        0x4 ./Core/Src/trajectory_control.o
 .bss.task_status
                0x200028d0        0x1 ./Core/Src/trajectory_control.o
 *fill*         0x200028d1        0x3 
 .bss.uwTick    0x200028d4        0x4 ./Drivers/STM32F4xx_HAL_Driver/Src/stm32f4xx_hal.o
                0x200028d4                uwTick
 .bss.__sf      0x200028d8      0x138 /opt/st/stm32cubeide_1.17.0/plugins/com.st.stm32cube.ide.mcu.externaltools.gnu-tools-for-stm32.12.3.rel1.linux64_1.1.0.202410170702/tools/bin/../lib/gcc/arm-none-eabi/12.3.1/../../../../arm-none-eabi/lib/thumb/v7e-m+fp/hard/libc_nano.a(libc_a-findfp.o)
                0x200028d8                __sf
 *(COMMON)
                0x20002a10                        . = ALIGN (0x4)
                0x20002a10                        _ebss = .
                0x20002a10                        __bss_end__ = _ebss

._user_heap_stack
                0x20002a10      0x600
                0x20002a10                        . = ALIGN (0x8)
                [!provide]                        PROVIDE (end = .)
                0x20002a10                        PROVIDE (_end = .)
                0x20002c10                        . = (. + _Min_Heap_Size)
 *fill*         0x20002a10      0x200 
                0x20003010                        . = (. + _Min_Stack_Size)
 *fill*         0x20002c10      0x400 
                0x20003010                        . = ALIGN (0x8)

/DISCARD/
 libc.a(*)
 libm.a(*)
 libgcc.a(*)

.ARM.attributes
                0x00000000       0x30
 *(.ARM.attributes)
 .ARM.attributes
                0x00000000       0x22 /opt/st/stm32cubeide_1.17.0/plugins/com.st.stm32cube.ide.mcu.externaltools.gnu-tools-for-stm32.12.3.rel1.linux64_1.1.0.202410170702/tools/bin/../lib/gcc/arm-none-eabi/12.3.1/thumb/v7e-m+fp/hard/crti.o
 .ARM.attributes
                0x00000022       0x34 /opt/st/stm32cubeide_1.17.0/plugins/com.st.stm32cube.ide.mcu.externaltools.gnu-tools-for-stm32.12.3.rel1.linux64_1.1.0.202410170702/tools/bin/../lib/gcc/arm-none-eabi/12.3.1/thumb/v7e-m+fp/hard/crtbegin.o
 .ARM.attributes
                0x00000056       0x34 ./Core/Src/adc.o
 .ARM.attributes
                0x0000008a       0x34 ./Core/Src/can.o
 .ARM.attributes
                0x000000be       0x34 ./Core/Src/dac.o
 .ARM.attributes
                0x000000f2       0x34 ./Core/Src/gpio.o
 .ARM.attributes
                0x00000126       0x34 ./Core/Src/i2c.o
 .ARM.attributes
                0x0000015a       0x34 ./Core/Src/main.o
 .ARM.attributes
                0x0000018e       0x34 ./Core/Src/motor_supervisor.o
 .ARM.attributes
                0x000001c2       0x34 ./Core/Src/rotation_control.o
 .ARM.attributes
                0x000001f6       0x34 ./Core/Src/speed_tracker.o
 .ARM.attributes
                0x0000022a       0x34 ./Core/Src/stm32f4xx_hal_msp.o
 .ARM.attributes
                0x0000025e       0x34 ./Core/Src/stm32f4xx_it.o
 .ARM.attributes
                0x00000292       0x34 ./Core/Src/system_stm32f4xx.o
 .ARM.attributes
                0x000002c6       0x34 ./Core/Src/tim.o
 .ARM.attributes
                0x000002fa       0x34 ./Core/Src/trajectory_control.o
 .ARM.attributes
                0x0000032e       0x34 ./Core/Src/voltage_control.o
 .ARM.attributes
                0x00000362       0x21 ./Core/Startup/startup_stm32f405rgtx.o
 .ARM.attributes
                0x00000383       0x34 ./Drivers/STM32F4xx_HAL_Driver/Src/stm32f4xx_hal.o
 .ARM.attributes
                0x000003b7       0x34 ./Drivers/STM32F4xx_HAL_Driver/Src/stm32f4xx_hal_adc.o
 .ARM.attributes
                0x000003eb       0x34 ./Drivers/STM32F4xx_HAL_Driver/Src/stm32f4xx_hal_adc_ex.o
 .ARM.attributes
                0x0000041f       0x34 ./Drivers/STM32F4xx_HAL_Driver/Src/stm32f4xx_hal_can.o
 .ARM.attributes
                0x00000453       0x34 ./Drivers/STM32F4xx_HAL_Driver/Src/stm32f4xx_hal_cortex.o
 .ARM.attributes
                0x00000487       0x34 ./Drivers/STM32F4xx_HAL_Driver/Src/stm32f4xx_hal_dac.o
 .ARM.attributes
                0x000004bb       0x34 ./Drivers/STM32F4xx_HAL_Driver/Src/stm32f4xx_hal_dac_ex.o
 .ARM.attributes
                0x000004ef       0x34 ./Drivers/STM32F4xx_HAL_Driver/Src/stm32f4xx_hal_gpio.o
 .ARM.attributes
                0x00000523       0x34 ./Drivers/STM32F4xx_HAL_Driver/Src/stm32f4xx_hal_i2c.o
 .ARM.attributes
                0x00000557       0x34 ./Drivers/STM32F4xx_HAL_Driver/Src/stm32f4xx_hal_rcc.o
 .ARM.attributes
                0x0000058b       0x34 ./Drivers/STM32F4xx_HAL_Driver/Src/stm32f4xx_hal_tim.o
 .ARM.attributes
                0x000005bf       0x34 ./Drivers/STM32F4xx_HAL_Driver/Src/stm32f4xx_hal_tim_ex.o
 .ARM.attributes
                0x000005f3       0x34 /opt/st/stm32cubeide_1.17.0/plugins/com.st.stm32cube.ide.mcu.externaltools.gnu-tools-for-stm32.12.3.rel1.linux64_1.1.0.202410170702/tools/bin/../lib/gcc/arm-none-eabi/12.3.1/../../../../arm-none-eabi/lib/thumb/v7e-m+fp/hard/libm.a(libm_a-wf_pow.o)
 .ARM.attributes
                0x00000627       0x34 /opt/st/stm32cubeide_1.17.0/plugins/com.st.stm32cube.ide.mcu.externaltools.gnu-tools-for-stm32.12.3.rel1.linux64_1.1.0.202410170702/tools/bin/../lib/gcc/arm-none-eabi/12.3.1/../../../../arm-none-eabi/lib/thumb/v7e-m+fp/hard/libm.a(libm_a-sf_finite.o)
 .ARM.attributes
                0x0000065b       0x34 /opt/st/stm32cubeide_1.17.0/plugins/com.st.stm32cube.ide.mcu.externaltools.gnu-tools-for-stm32.12.3.rel1.linux64_1.1.0.202410170702/tools/bin/../lib/gcc/arm-none-eabi/12.3.1/../../../../arm-none-eabi/lib/thumb/v7e-m+fp/hard/libm.a(libm_a-ef_pow.o)
 .ARM.attributes
                0x0000068f       0x34 /opt/st/stm32cubeide_1.17.0/plugins/com.st.stm32cube.ide.mcu.externaltools.gnu-tools-for-stm32.12.3.rel1.linux64_1.1.0.202410170702/tools/bin/../lib/gcc/arm-none-eabi/12.3.1/../../../../arm-none-eabi/lib/thumb/v7e-m+fp/hard/libm.a(libm_a-sf_fabs.o)
 .ARM.attributes
                0x000006c3       0x34 /opt/st/stm32cubeide_1.17.0/plugins/com.st.stm32cube.ide.mcu.externaltools.gnu-tools-for-stm32.12.3.rel1.linux64_1.1.0.202410170702/tools/bin/../lib/gcc/arm-none-eabi/12.3.1/../../../../arm-none-eabi/lib/thumb/v7e-m+fp/hard/libm.a(libm_a-sf_scalbn.o)
 .ARM.attributes
                0x000006f7       0x34 /opt/st/stm32cubeide_1.17.0/plugins/com.st.stm32cube.ide.mcu.externaltools.gnu-tools-for-stm32.12.3.rel1.linux64_1.1.0.202410170702/tools/bin/../lib/gcc/arm-none-eabi/12.3.1/../../../../arm-none-eabi/lib/thumb/v7e-m+fp/hard/libm.a(libm_a-math_errf.o)
 .ARM.attributes
                0x0000072b       0x34 /opt/st/stm32cubeide_1.17.0/plugins/com.st.stm32cube.ide.mcu.externaltools.gnu-tools-for-stm32.12.3.rel1.linux64_1.1.0.202410170702/tools/bin/../lib/gcc/arm-none-eabi/12.3.1/../../../../arm-none-eabi/lib/thumb/v7e-m+fp/hard/libm.a(libm_a-ef_sqrt.o)
 .ARM.attributes
                0x0000075f       0x34 /opt/st/stm32cubeide_1.17.0/plugins/com.st.stm32cube.ide.mcu.externaltools.gnu-tools-for-stm32.12.3.rel1.linux64_1.1.0.202410170702/tools/bin/../lib/gcc/arm-none-eabi/12.3.1/../../../../arm-none-eabi/lib/thumb/v7e-m+fp/hard/libc_nano.a(libc_a-findfp.o)
 .ARM.attributes
                0x00000793       0x34 /opt/st/stm32cubeide_1.17.0/plugins/com.st.stm32cube.ide.mcu.externaltools.gnu-tools-for-stm32.12.3.rel1.linux64_1.1.0.202410170702/tools/bin/../lib/gcc/arm-none-eabi/12.3.1/../../../../arm-none-eabi/lib/thumb/v7e-m+fp/hard/libc_nano.a(libc_a-memset.o)
 .ARM.attributes
                0x000007c7       0x34 /opt/st/stm32cubeide_1.17.0/plugins/com.st.stm32cube.ide.mcu.externaltools.gnu-tools-for-stm32.12.3.rel1.linux64_1.1.0.202410170702/tools/bin/../lib/gcc/arm-none-eabi/12.3.1/../../../../arm-none-eabi/lib/thumb/v7e-m+fp/hard/libc_nano.a(libc_a-impure.o)
 .ARM.attributes
                0x000007fb       0x34 /opt/st/stm32cubeide_1.17.0/plugins/com.st.stm32cube.ide.mcu.externaltools.gnu-tools-for-stm32.12.3.rel1.linux64_1.1.0.202410170702/tools/bin/../lib/gcc/arm-none-eabi/12.3.1/../../../../arm-none-eabi/lib/thumb/v7e-m+fp/hard/libc_nano.a(libc_a-errno.o)
 .ARM.attributes
                0x0000082f       0x34 /opt/st/stm32cubeide_1.17.0/plugins/com.st.stm32cube.ide.mcu.externaltools.gnu-tools-for-stm32.12.3.rel1.linux64_1.1.0.202410170702/tools/bin/../lib/gcc/arm-none-eabi/12.3.1/../../../../arm-none-eabi/lib/thumb/v7e-m+fp/hard/libc_nano.a(libc_a-init.o)
 .ARM.attributes
                0x00000863       0x22 /opt/st/stm32cubeide_1.17.0/plugins/com.st.stm32cube.ide.mcu.externaltools.gnu-tools-for-stm32.12.3.rel1.linux64_1.1.0.202410170702/tools/bin/../lib/gcc/arm-none-eabi/12.3.1/thumb/v7e-m+fp/hard/libgcc.a(_arm_addsubdf3.o)
 .ARM.attributes
                0x00000885       0x22 /opt/st/stm32cubeide_1.17.0/plugins/com.st.stm32cube.ide.mcu.externaltools.gnu-tools-for-stm32.12.3.rel1.linux64_1.1.0.202410170702/tools/bin/../lib/gcc/arm-none-eabi/12.3.1/thumb/v7e-m+fp/hard/libgcc.a(_arm_cmpdf2.o)
 .ARM.attributes
                0x000008a7       0x22 /opt/st/stm32cubeide_1.17.0/plugins/com.st.stm32cube.ide.mcu.externaltools.gnu-tools-for-stm32.12.3.rel1.linux64_1.1.0.202410170702/tools/bin/../lib/gcc/arm-none-eabi/12.3.1/thumb/v7e-m+fp/hard/libgcc.a(_aeabi_uldivmod.o)
 .ARM.attributes
                0x000008c9       0x34 /opt/st/stm32cubeide_1.17.0/plugins/com.st.stm32cube.ide.mcu.externaltools.gnu-tools-for-stm32.12.3.rel1.linux64_1.1.0.202410170702/tools/bin/../lib/gcc/arm-none-eabi/12.3.1/thumb/v7e-m+fp/hard/libgcc.a(_udivmoddi4.o)
 .ARM.attributes
                0x000008fd       0x22 /opt/st/stm32cubeide_1.17.0/plugins/com.st.stm32cube.ide.mcu.externaltools.gnu-tools-for-stm32.12.3.rel1.linux64_1.1.0.202410170702/tools/bin/../lib/gcc/arm-none-eabi/12.3.1/thumb/v7e-m+fp/hard/libgcc.a(_dvmd_tls.o)
 .ARM.attributes
                0x0000091f       0x22 /opt/st/stm32cubeide_1.17.0/plugins/com.st.stm32cube.ide.mcu.externaltools.gnu-tools-for-stm32.12.3.rel1.linux64_1.1.0.202410170702/tools/bin/../lib/gcc/arm-none-eabi/12.3.1/thumb/v7e-m+fp/hard/crtn.o
OUTPUT(450-pdep.elf elf32-littlearm)
LOAD linker stubs
LOAD /opt/st/stm32cubeide_1.17.0/plugins/com.st.stm32cube.ide.mcu.externaltools.gnu-tools-for-stm32.12.3.rel1.linux64_1.1.0.202410170702/tools/bin/../lib/gcc/arm-none-eabi/12.3.1/../../../../arm-none-eabi/lib/thumb/v7e-m+fp/hard/libc.a
LOAD /opt/st/stm32cubeide_1.17.0/plugins/com.st.stm32cube.ide.mcu.externaltools.gnu-tools-for-stm32.12.3.rel1.linux64_1.1.0.202410170702/tools/bin/../lib/gcc/arm-none-eabi/12.3.1/../../../../arm-none-eabi/lib/thumb/v7e-m+fp/hard/libm.a
LOAD /opt/st/stm32cubeide_1.17.0/plugins/com.st.stm32cube.ide.mcu.externaltools.gnu-tools-for-stm32.12.3.rel1.linux64_1.1.0.202410170702/tools/bin/../lib/gcc/arm-none-eabi/12.3.1/thumb/v7e-m+fp/hard/libgcc.a

.debug_info     0x00000000    0x15d69
 .debug_info    0x00000000      0xc0f ./Core/Src/adc.o
 .debug_info    0x00000c0f      0xbf4 ./Core/Src/can.o
 .debug_info    0x00001803      0xace ./Core/Src/dac.o
 .debug_info    0x000022d1      0x425 ./Core/Src/gpio.o
 .debug_info    0x000026f6      0x968 ./Core/Src/i2c.o
 .debug_info    0x0000305e     0x1726 ./Core/Src/main.o
 .debug_info    0x00004784      0x145 ./Core/Src/motor_supervisor.o
 .debug_info    0x000048c9      0x8c2 ./Core/Src/rotation_control.o
 .debug_info    0x0000518b      0xa32 ./Core/Src/speed_tracker.o
 .debug_info    0x00005bbd      0x269 ./Core/Src/stm32f4xx_hal_msp.o
 .debug_info    0x00005e26      0xfe4 ./Core/Src/stm32f4xx_it.o
 .debug_info    0x00006e0a      0x512 ./Core/Src/system_stm32f4xx.o
 .debug_info    0x0000731c     0x1163 ./Core/Src/tim.o
 .debug_info    0x0000847f      0xc86 ./Core/Src/trajectory_control.o
 .debug_info    0x00009105      0xabf ./Core/Src/voltage_control.o
 .debug_info    0x00009bc4       0x30 ./Core/Startup/startup_stm32f405rgtx.o
 .debug_info    0x00009bf4      0x932 ./Drivers/STM32F4xx_HAL_Driver/Src/stm32f4xx_hal.o
 .debug_info    0x0000a526      0xcd4 ./Drivers/STM32F4xx_HAL_Driver/Src/stm32f4xx_hal_adc.o
 .debug_info    0x0000b1fa      0xb59 ./Drivers/STM32F4xx_HAL_Driver/Src/stm32f4xx_hal_adc_ex.o
 .debug_info    0x0000bd53      0xf4c ./Drivers/STM32F4xx_HAL_Driver/Src/stm32f4xx_hal_can.o
 .debug_info    0x0000cc9f      0xd7a ./Drivers/STM32F4xx_HAL_Driver/Src/stm32f4xx_hal_cortex.o
 .debug_info    0x0000da19      0xa01 ./Drivers/STM32F4xx_HAL_Driver/Src/stm32f4xx_hal_dac.o
 .debug_info    0x0000e41a      0x750 ./Drivers/STM32F4xx_HAL_Driver/Src/stm32f4xx_hal_dac_ex.o
 .debug_info    0x0000eb6a      0x6c3 ./Drivers/STM32F4xx_HAL_Driver/Src/stm32f4xx_hal_gpio.o
 .debug_info    0x0000f22d     0x2415 ./Drivers/STM32F4xx_HAL_Driver/Src/stm32f4xx_hal_i2c.o
 .debug_info    0x00011642      0x8af ./Drivers/STM32F4xx_HAL_Driver/Src/stm32f4xx_hal_rcc.o
 .debug_info    0x00011ef1     0x299d ./Drivers/STM32F4xx_HAL_Driver/Src/stm32f4xx_hal_tim.o
 .debug_info    0x0001488e     0x14db ./Drivers/STM32F4xx_HAL_Driver/Src/stm32f4xx_hal_tim_ex.o

.debug_abbrev   0x00000000     0x3aad
 .debug_abbrev  0x00000000      0x212 ./Core/Src/adc.o
 .debug_abbrev  0x00000212      0x246 ./Core/Src/can.o
 .debug_abbrev  0x00000458      0x219 ./Core/Src/dac.o
 .debug_abbrev  0x00000671      0x152 ./Core/Src/gpio.o
 .debug_abbrev  0x000007c3      0x1f1 ./Core/Src/i2c.o
 .debug_abbrev  0x000009b4      0x34f ./Core/Src/main.o
 .debug_abbrev  0x00000d03       0xf3 ./Core/Src/motor_supervisor.o
 .debug_abbrev  0x00000df6      0x24d ./Core/Src/rotation_control.o
 .debug_abbrev  0x00001043      0x20a ./Core/Src/speed_tracker.o
 .debug_abbrev  0x0000124d       0xd8 ./Core/Src/stm32f4xx_hal_msp.o
 .debug_abbrev  0x00001325      0x225 ./Core/Src/stm32f4xx_it.o
 .debug_abbrev  0x0000154a      0x11a ./Core/Src/system_stm32f4xx.o
 .debug_abbrev  0x00001664      0x28b ./Core/Src/tim.o
 .debug_abbrev  0x000018ef      0x2f4 ./Core/Src/trajectory_control.o
 .debug_abbrev  0x00001be3      0x252 ./Core/Src/voltage_control.o
 .debug_abbrev  0x00001e35       0x24 ./Core/Startup/startup_stm32f405rgtx.o
 .debug_abbrev  0x00001e59      0x214 ./Drivers/STM32F4xx_HAL_Driver/Src/stm32f4xx_hal.o
 .debug_abbrev  0x0000206d      0x252 ./Drivers/STM32F4xx_HAL_Driver/Src/stm32f4xx_hal_adc.o
 .debug_abbrev  0x000022bf      0x270 ./Drivers/STM32F4xx_HAL_Driver/Src/stm32f4xx_hal_adc_ex.o
 .debug_abbrev  0x0000252f      0x245 ./Drivers/STM32F4xx_HAL_Driver/Src/stm32f4xx_hal_can.o
 .debug_abbrev  0x00002774      0x31d ./Drivers/STM32F4xx_HAL_Driver/Src/stm32f4xx_hal_cortex.o
 .debug_abbrev  0x00002a91      0x1fa ./Drivers/STM32F4xx_HAL_Driver/Src/stm32f4xx_hal_dac.o
 .debug_abbrev  0x00002c8b      0x1ef ./Drivers/STM32F4xx_HAL_Driver/Src/stm32f4xx_hal_dac_ex.o
 .debug_abbrev  0x00002e7a      0x1d4 ./Drivers/STM32F4xx_HAL_Driver/Src/stm32f4xx_hal_gpio.o
 .debug_abbrev  0x0000304e      0x2ad ./Drivers/STM32F4xx_HAL_Driver/Src/stm32f4xx_hal_i2c.o
 .debug_abbrev  0x000032fb      0x2b7 ./Drivers/STM32F4xx_HAL_Driver/Src/stm32f4xx_hal_rcc.o
 .debug_abbrev  0x000035b2      0x278 ./Drivers/STM32F4xx_HAL_Driver/Src/stm32f4xx_hal_tim.o
 .debug_abbrev  0x0000382a      0x283 ./Drivers/STM32F4xx_HAL_Driver/Src/stm32f4xx_hal_tim_ex.o

.debug_aranges  0x00000000     0x12f8
 .debug_aranges
                0x00000000       0x30 ./Core/Src/adc.o
 .debug_aranges
                0x00000030       0x38 ./Core/Src/can.o
 .debug_aranges
                0x00000068       0x30 ./Core/Src/dac.o
 .debug_aranges
                0x00000098       0x20 ./Core/Src/gpio.o
 .debug_aranges
                0x000000b8       0x30 ./Core/Src/i2c.o
 .debug_aranges
                0x000000e8       0x40 ./Core/Src/main.o
 .debug_aranges
                0x00000128       0x28 ./Core/Src/motor_supervisor.o
 .debug_aranges
                0x00000150       0x60 ./Core/Src/rotation_control.o
 .debug_aranges
                0x000001b0       0x50 ./Core/Src/speed_tracker.o
 .debug_aranges
                0x00000200       0x20 ./Core/Src/stm32f4xx_hal_msp.o
 .debug_aranges
                0x00000220       0xa8 ./Core/Src/stm32f4xx_it.o
 .debug_aranges
                0x000002c8       0x28 ./Core/Src/system_stm32f4xx.o
 .debug_aranges
                0x000002f0       0x60 ./Core/Src/tim.o
 .debug_aranges
                0x00000350       0x60 ./Core/Src/trajectory_control.o
 .debug_aranges
                0x000003b0       0x50 ./Core/Src/voltage_control.o
 .debug_aranges
                0x00000400       0x28 ./Core/Startup/startup_stm32f405rgtx.o
 .debug_aranges
                0x00000428       0xf0 ./Drivers/STM32F4xx_HAL_Driver/Src/stm32f4xx_hal.o
 .debug_aranges
                0x00000518       0xe8 ./Drivers/STM32F4xx_HAL_Driver/Src/stm32f4xx_hal_adc.o
 .debug_aranges
                0x00000600       0x90 ./Drivers/STM32F4xx_HAL_Driver/Src/stm32f4xx_hal_adc_ex.o
 .debug_aranges
                0x00000690      0x138 ./Drivers/STM32F4xx_HAL_Driver/Src/stm32f4xx_hal_can.o
 .debug_aranges
                0x000007c8      0x130 ./Drivers/STM32F4xx_HAL_Driver/Src/stm32f4xx_hal_cortex.o
 .debug_aranges
                0x000008f8       0xc0 ./Drivers/STM32F4xx_HAL_Driver/Src/stm32f4xx_hal_dac.o
 .debug_aranges
                0x000009b8       0x80 ./Drivers/STM32F4xx_HAL_Driver/Src/stm32f4xx_hal_dac_ex.o
 .debug_aranges
                0x00000a38       0x58 ./Drivers/STM32F4xx_HAL_Driver/Src/stm32f4xx_hal_gpio.o
 .debug_aranges
                0x00000a90      0x2a8 ./Drivers/STM32F4xx_HAL_Driver/Src/stm32f4xx_hal_i2c.o
 .debug_aranges
                0x00000d38       0x88 ./Drivers/STM32F4xx_HAL_Driver/Src/stm32f4xx_hal_rcc.o
 .debug_aranges
                0x00000dc0      0x3d0 ./Drivers/STM32F4xx_HAL_Driver/Src/stm32f4xx_hal_tim.o
 .debug_aranges
                0x00001190      0x168 ./Drivers/STM32F4xx_HAL_Driver/Src/stm32f4xx_hal_tim_ex.o

.debug_rnglists
                0x00000000      0xe99
 .debug_rnglists
                0x00000000       0x21 ./Core/Src/adc.o
 .debug_rnglists
                0x00000021       0x28 ./Core/Src/can.o
 .debug_rnglists
                0x00000049       0x20 ./Core/Src/dac.o
 .debug_rnglists
                0x00000069       0x14 ./Core/Src/gpio.o
 .debug_rnglists
                0x0000007d       0x20 ./Core/Src/i2c.o
 .debug_rnglists
                0x0000009d       0x2d ./Core/Src/main.o
 .debug_rnglists
                0x000000ca       0x19 ./Core/Src/motor_supervisor.o
 .debug_rnglists
                0x000000e3       0x45 ./Core/Src/rotation_control.o
 .debug_rnglists
                0x00000128       0x39 ./Core/Src/speed_tracker.o
 .debug_rnglists
                0x00000161       0x13 ./Core/Src/stm32f4xx_hal_msp.o
 .debug_rnglists
                0x00000174       0x79 ./Core/Src/stm32f4xx_it.o
 .debug_rnglists
                0x000001ed       0x1a ./Core/Src/system_stm32f4xx.o
 .debug_rnglists
                0x00000207       0x48 ./Core/Src/tim.o
 .debug_rnglists
                0x0000024f       0x47 ./Core/Src/trajectory_control.o
 .debug_rnglists
                0x00000296       0x3b ./Core/Src/voltage_control.o
 .debug_rnglists
                0x000002d1       0x19 ./Core/Startup/startup_stm32f405rgtx.o
 .debug_rnglists
                0x000002ea       0xaf ./Drivers/STM32F4xx_HAL_Driver/Src/stm32f4xx_hal.o
 .debug_rnglists
                0x00000399       0xb5 ./Drivers/STM32F4xx_HAL_Driver/Src/stm32f4xx_hal_adc.o
 .debug_rnglists
                0x0000044e       0x71 ./Drivers/STM32F4xx_HAL_Driver/Src/stm32f4xx_hal_adc_ex.o
 .debug_rnglists
                0x000004bf       0xee ./Drivers/STM32F4xx_HAL_Driver/Src/stm32f4xx_hal_can.o
 .debug_rnglists
                0x000005ad       0xe0 ./Drivers/STM32F4xx_HAL_Driver/Src/stm32f4xx_hal_cortex.o
 .debug_rnglists
                0x0000068d       0x90 ./Drivers/STM32F4xx_HAL_Driver/Src/stm32f4xx_hal_dac.o
 .debug_rnglists
                0x0000071d       0x5c ./Drivers/STM32F4xx_HAL_Driver/Src/stm32f4xx_hal_dac_ex.o
 .debug_rnglists
                0x00000779       0x3f ./Drivers/STM32F4xx_HAL_Driver/Src/stm32f4xx_hal_gpio.o
 .debug_rnglists
                0x000007b8      0x23c ./Drivers/STM32F4xx_HAL_Driver/Src/stm32f4xx_hal_i2c.o
 .debug_rnglists
                0x000009f4       0x66 ./Drivers/STM32F4xx_HAL_Driver/Src/stm32f4xx_hal_rcc.o
 .debug_rnglists
                0x00000a5a      0x31a ./Drivers/STM32F4xx_HAL_Driver/Src/stm32f4xx_hal_tim.o
 .debug_rnglists
                0x00000d74      0x125 ./Drivers/STM32F4xx_HAL_Driver/Src/stm32f4xx_hal_tim_ex.o

.debug_macro    0x00000000    0x232ac
 .debug_macro   0x00000000      0x23d ./Core/Src/adc.o
 .debug_macro   0x0000023d      0xab4 ./Core/Src/adc.o
 .debug_macro   0x00000cf1      0x2ad ./Core/Src/adc.o
 .debug_macro   0x00000f9e       0x2e ./Core/Src/adc.o
 .debug_macro   0x00000fcc       0x2f ./Core/Src/adc.o
 .debug_macro   0x00000ffb       0x22 ./Core/Src/adc.o
 .debug_macro   0x0000101d       0x8e ./Core/Src/adc.o
 .debug_macro   0x000010ab       0x51 ./Core/Src/adc.o
 .debug_macro   0x000010fc      0x103 ./Core/Src/adc.o
 .debug_macro   0x000011ff       0x6a ./Core/Src/adc.o
 .debug_macro   0x00001269      0x1df ./Core/Src/adc.o
 .debug_macro   0x00001448       0x1c ./Core/Src/adc.o
 .debug_macro   0x00001464       0x22 ./Core/Src/adc.o
 .debug_macro   0x00001486       0xfb ./Core/Src/adc.o
 .debug_macro   0x00001581     0x1011 ./Core/Src/adc.o
 .debug_macro   0x00002592      0x11f ./Core/Src/adc.o
 .debug_macro   0x000026b1    0x1426d ./Core/Src/adc.o
 .debug_macro   0x0001691e       0x6d ./Core/Src/adc.o
 .debug_macro   0x0001698b     0x369a ./Core/Src/adc.o
 .debug_macro   0x0001a025      0x189 ./Core/Src/adc.o
 .debug_macro   0x0001a1ae       0x5c ./Core/Src/adc.o
 .debug_macro   0x0001a20a      0x8bc ./Core/Src/adc.o
 .debug_macro   0x0001aac6      0x9e9 ./Core/Src/adc.o
 .debug_macro   0x0001b4af      0x115 ./Core/Src/adc.o
 .debug_macro   0x0001b5c4      0x130 ./Core/Src/adc.o
 .debug_macro   0x0001b6f4       0xa5 ./Core/Src/adc.o
 .debug_macro   0x0001b799      0x174 ./Core/Src/adc.o
 .debug_macro   0x0001b90d      0x287 ./Core/Src/adc.o
 .debug_macro   0x0001bb94       0x5f ./Core/Src/adc.o
 .debug_macro   0x0001bbf3      0x236 ./Core/Src/adc.o
 .debug_macro   0x0001be29      0xb5b ./Core/Src/adc.o
 .debug_macro   0x0001c984      0x38b ./Core/Src/adc.o
 .debug_macro   0x0001cd0f      0x176 ./Core/Src/adc.o
 .debug_macro   0x0001ce85       0xf9 ./Core/Src/adc.o
 .debug_macro   0x0001cf7e      0x40f ./Core/Src/adc.o
 .debug_macro   0x0001d38d      0x122 ./Core/Src/adc.o
 .debug_macro   0x0001d4af       0xa6 ./Core/Src/adc.o
 .debug_macro   0x0001d555      0x12c ./Core/Src/adc.o
 .debug_macro   0x0001d681      0x21e ./Core/Src/adc.o
 .debug_macro   0x0001d89f       0x2e ./Core/Src/adc.o
 .debug_macro   0x0001d8cd      0x1b5 ./Core/Src/adc.o
 .debug_macro   0x0001da82       0xd6 ./Core/Src/adc.o
 .debug_macro   0x0001db58      0x127 ./Core/Src/adc.o
 .debug_macro   0x0001dc7f       0x7e ./Core/Src/adc.o
 .debug_macro   0x0001dcfd       0x89 ./Core/Src/adc.o
 .debug_macro   0x0001dd86      0x8ed ./Core/Src/adc.o
 .debug_macro   0x0001e673       0x4d ./Core/Src/adc.o
 .debug_macro   0x0001e6c0      0x12d ./Core/Src/adc.o
 .debug_macro   0x0001e7ed       0x94 ./Core/Src/adc.o
 .debug_macro   0x0001e881      0x23d ./Core/Src/can.o
 .debug_macro   0x0001eabe      0x23d ./Core/Src/dac.o
 .debug_macro   0x0001ecfb      0x23d ./Core/Src/gpio.o
 .debug_macro   0x0001ef38      0x23d ./Core/Src/i2c.o
 .debug_macro   0x0001f175      0x3be ./Core/Src/main.o
 .debug_macro   0x0001f533       0x2a ./Core/Src/main.o
 .debug_macro   0x0001f55d       0x61 ./Core/Src/main.o
 .debug_macro   0x0001f5be       0x43 ./Core/Src/main.o
 .debug_macro   0x0001f601       0x34 ./Core/Src/main.o
 .debug_macro   0x0001f635       0x16 ./Core/Src/main.o
 .debug_macro   0x0001f64b       0x35 ./Core/Src/main.o
 .debug_macro   0x0001f680       0x16 ./Core/Src/main.o
 .debug_macro   0x0001f696       0x43 ./Core/Src/main.o
 .debug_macro   0x0001f6d9       0x34 ./Core/Src/main.o
 .debug_macro   0x0001f70d       0x10 ./Core/Src/main.o
 .debug_macro   0x0001f71d       0x58 ./Core/Src/main.o
 .debug_macro   0x0001f775       0x8e ./Core/Src/main.o
 .debug_macro   0x0001f803       0x1c ./Core/Src/main.o
 .debug_macro   0x0001f81f      0x177 ./Core/Src/main.o
 .debug_macro   0x0001f996      0x369 ./Core/Src/main.o
 .debug_macro   0x0001fcff       0x16 ./Core/Src/main.o
 .debug_macro   0x0001fd15       0x29 ./Core/Src/main.o
 .debug_macro   0x0001fd3e       0x52 ./Core/Src/main.o
 .debug_macro   0x0001fd90      0x19b ./Core/Src/main.o
 .debug_macro   0x0001ff2b       0x22 ./Core/Src/main.o
 .debug_macro   0x0001ff4d       0x10 ./Core/Src/main.o
 .debug_macro   0x0001ff5d       0x2e ./Core/Src/main.o
 .debug_macro   0x0001ff8b      0x31e ./Core/Src/motor_supervisor.o
 .debug_macro   0x000202a9       0x16 ./Core/Src/motor_supervisor.o
 .debug_macro   0x000202bf      0x2fc ./Core/Src/rotation_control.o
 .debug_macro   0x000205bb      0x2ed ./Core/Src/speed_tracker.o
 .debug_macro   0x000208a8      0x233 ./Core/Src/stm32f4xx_hal_msp.o
 .debug_macro   0x00020adb      0x33a ./Core/Src/stm32f4xx_it.o
 .debug_macro   0x00020e15       0x4c ./Core/Src/stm32f4xx_it.o
 .debug_macro   0x00020e61      0x224 ./Core/Src/system_stm32f4xx.o
 .debug_macro   0x00021085      0x23d ./Core/Src/tim.o
 .debug_macro   0x000212c2      0x30e ./Core/Src/trajectory_control.o
 .debug_macro   0x000215d0      0x242 ./Core/Src/voltage_control.o
 .debug_macro   0x00021812      0x284 ./Drivers/STM32F4xx_HAL_Driver/Src/stm32f4xx_hal.o
 .debug_macro   0x00021a96      0x225 ./Drivers/STM32F4xx_HAL_Driver/Src/stm32f4xx_hal_adc.o
 .debug_macro   0x00021cbb      0x224 ./Drivers/STM32F4xx_HAL_Driver/Src/stm32f4xx_hal_adc_ex.o
 .debug_macro   0x00021edf      0x233 ./Drivers/STM32F4xx_HAL_Driver/Src/stm32f4xx_hal_can.o
 .debug_macro   0x00022112      0x224 ./Drivers/STM32F4xx_HAL_Driver/Src/stm32f4xx_hal_cortex.o
 .debug_macro   0x00022336      0x225 ./Drivers/STM32F4xx_HAL_Driver/Src/stm32f4xx_hal_dac.o
 .debug_macro   0x0002255b      0x224 ./Drivers/STM32F4xx_HAL_Driver/Src/stm32f4xx_hal_dac_ex.o
 .debug_macro   0x0002277f      0x22a ./Drivers/STM32F4xx_HAL_Driver/Src/stm32f4xx_hal_gpio.o
 .debug_macro   0x000229a9      0x272 ./Drivers/STM32F4xx_HAL_Driver/Src/stm32f4xx_hal_i2c.o
 .debug_macro   0x00022c1b      0x248 ./Drivers/STM32F4xx_HAL_Driver/Src/stm32f4xx_hal_rcc.o
 .debug_macro   0x00022e63      0x225 ./Drivers/STM32F4xx_HAL_Driver/Src/stm32f4xx_hal_tim.o
 .debug_macro   0x00023088      0x224 ./Drivers/STM32F4xx_HAL_Driver/Src/stm32f4xx_hal_tim_ex.o

.debug_line     0x00000000    0x18f11
 .debug_line    0x00000000      0x7d1 ./Core/Src/adc.o
 .debug_line    0x000007d1      0x872 ./Core/Src/can.o
 .debug_line    0x00001043      0x793 ./Core/Src/dac.o
 .debug_line    0x000017d6      0x769 ./Core/Src/gpio.o
 .debug_line    0x00001f3f      0x79d ./Core/Src/i2c.o
 .debug_line    0x000026dc      0xae7 ./Core/Src/main.o
 .debug_line    0x000031c3      0x8f2 ./Core/Src/motor_supervisor.o
 .debug_line    0x00003ab5      0x9ec ./Core/Src/rotation_control.o
 .debug_line    0x000044a1      0xa0e ./Core/Src/speed_tracker.o
 .debug_line    0x00004eaf      0x733 ./Core/Src/stm32f4xx_hal_msp.o
 .debug_line    0x000055e2      0xa71 ./Core/Src/stm32f4xx_it.o
 .debug_line    0x00006053      0x7b8 ./Core/Src/system_stm32f4xx.o
 .debug_line    0x0000680b      0x9f1 ./Core/Src/tim.o
 .debug_line    0x000071fc      0xd78 ./Core/Src/trajectory_control.o
 .debug_line    0x00007f74      0x8b1 ./Core/Src/voltage_control.o
 .debug_line    0x00008825       0x7a ./Core/Startup/startup_stm32f405rgtx.o
 .debug_line    0x0000889f      0xa21 ./Drivers/STM32F4xx_HAL_Driver/Src/stm32f4xx_hal.o
 .debug_line    0x000092c0     0x12a9 ./Drivers/STM32F4xx_HAL_Driver/Src/stm32f4xx_hal_adc.o
 .debug_line    0x0000a569      0xf1f ./Drivers/STM32F4xx_HAL_Driver/Src/stm32f4xx_hal_adc_ex.o
 .debug_line    0x0000b488     0x11d0 ./Drivers/STM32F4xx_HAL_Driver/Src/stm32f4xx_hal_can.o
 .debug_line    0x0000c658      0xd13 ./Drivers/STM32F4xx_HAL_Driver/Src/stm32f4xx_hal_cortex.o
 .debug_line    0x0000d36b      0xb95 ./Drivers/STM32F4xx_HAL_Driver/Src/stm32f4xx_hal_dac.o
 .debug_line    0x0000df00      0x97c ./Drivers/STM32F4xx_HAL_Driver/Src/stm32f4xx_hal_dac_ex.o
 .debug_line    0x0000e87c      0xbad ./Drivers/STM32F4xx_HAL_Driver/Src/stm32f4xx_hal_gpio.o
 .debug_line    0x0000f429     0x3b62 ./Drivers/STM32F4xx_HAL_Driver/Src/stm32f4xx_hal_i2c.o
 .debug_line    0x00012f8b      0xdaa ./Drivers/STM32F4xx_HAL_Driver/Src/stm32f4xx_hal_rcc.o
 .debug_line    0x00013d35     0x37c5 ./Drivers/STM32F4xx_HAL_Driver/Src/stm32f4xx_hal_tim.o
 .debug_line    0x000174fa     0x1a17 ./Drivers/STM32F4xx_HAL_Driver/Src/stm32f4xx_hal_tim_ex.o

.debug_str      0x00000000    0xd22f8
 .debug_str     0x00000000    0xc9052 ./Core/Src/adc.o
                              0xc93a7 (size before relaxing)
 .debug_str     0x000c9052      0x359 ./Core/Src/can.o
                              0xc92db (size before relaxing)
 .debug_str     0x000c93ab      0x1b8 ./Core/Src/dac.o
                              0xc9316 (size before relaxing)
 .debug_str     0x000c9563       0x68 ./Core/Src/gpio.o
                              0xc8a22 (size before relaxing)
 .debug_str     0x000c95cb      0x2dc ./Core/Src/i2c.o
                              0xc8f51 (size before relaxing)
 .debug_str     0x000c98a7     0x48c1 ./Core/Src/main.o
                              0xcd979 (size before relaxing)
 .debug_str     0x000ce168       0xc2 ./Core/Src/motor_supervisor.o
                              0xcc6ec (size before relaxing)
 .debug_str     0x000ce22a      0x1bf ./Core/Src/rotation_control.o
                              0xcc9d1 (size before relaxing)
 .debug_str     0x000ce3e9      0x127 ./Core/Src/speed_tracker.o
                              0xcc9fd (size before relaxing)
 .debug_str     0x000ce510       0x2c ./Core/Src/stm32f4xx_hal_msp.o
                              0xc8957 (size before relaxing)
 .debug_str     0x000ce53c      0x20c ./Core/Src/stm32f4xx_it.o
                              0xcd2b9 (size before relaxing)
 .debug_str     0x000ce748       0xdb ./Core/Src/system_stm32f4xx.o
                              0xc87b0 (size before relaxing)
 .debug_str     0x000ce823      0x317 ./Core/Src/tim.o
                              0xc9803 (size before relaxing)
 .debug_str     0x000ceb3a      0x1fa ./Core/Src/trajectory_control.o
                              0xccfac (size before relaxing)
 .debug_str     0x000ced34      0x18b ./Core/Src/voltage_control.o
                              0xc92ba (size before relaxing)
 .debug_str     0x000ceebf       0x44 ./Core/Startup/startup_stm32f405rgtx.o
                                 0x7e (size before relaxing)
 .debug_str     0x000cef03      0x617 ./Drivers/STM32F4xx_HAL_Driver/Src/stm32f4xx_hal.o
                              0xc9313 (size before relaxing)
 .debug_str     0x000cf51a      0x26f ./Drivers/STM32F4xx_HAL_Driver/Src/stm32f4xx_hal_adc.o
                              0xc8d9d (size before relaxing)
 .debug_str     0x000cf789      0x2df ./Drivers/STM32F4xx_HAL_Driver/Src/stm32f4xx_hal_adc_ex.o
                              0xc8df1 (size before relaxing)
 .debug_str     0x000cfa68      0x3ce ./Drivers/STM32F4xx_HAL_Driver/Src/stm32f4xx_hal_can.o
                              0xc8eaa (size before relaxing)
 .debug_str     0x000cfe36      0x361 ./Drivers/STM32F4xx_HAL_Driver/Src/stm32f4xx_hal_cortex.o
                              0xc908f (size before relaxing)
 .debug_str     0x000d0197      0x1c6 ./Drivers/STM32F4xx_HAL_Driver/Src/stm32f4xx_hal_dac.o
                              0xc8c32 (size before relaxing)
 .debug_str     0x000d035d      0x140 ./Drivers/STM32F4xx_HAL_Driver/Src/stm32f4xx_hal_dac_ex.o
                              0xc8b0d (size before relaxing)
 .debug_str     0x000d049d      0x110 ./Drivers/STM32F4xx_HAL_Driver/Src/stm32f4xx_hal_gpio.o
                              0xc892b (size before relaxing)
 .debug_str     0x000d05ad      0xb21 ./Drivers/STM32F4xx_HAL_Driver/Src/stm32f4xx_hal_i2c.o
                              0xc97ce (size before relaxing)
 .debug_str     0x000d10ce      0x213 ./Drivers/STM32F4xx_HAL_Driver/Src/stm32f4xx_hal_rcc.o
                              0xc8be4 (size before relaxing)
 .debug_str     0x000d12e1      0xc5f ./Drivers/STM32F4xx_HAL_Driver/Src/stm32f4xx_hal_tim.o
                              0xc9b3a (size before relaxing)
 .debug_str     0x000d1f40      0x3b8 ./Drivers/STM32F4xx_HAL_Driver/Src/stm32f4xx_hal_tim_ex.o
                              0xc9346 (size before relaxing)

.comment        0x00000000       0x43
 .comment       0x00000000       0x43 ./Core/Src/adc.o
                                 0x44 (size before relaxing)
 .comment       0x00000043       0x44 ./Core/Src/can.o
 .comment       0x00000043       0x44 ./Core/Src/dac.o
 .comment       0x00000043       0x44 ./Core/Src/gpio.o
 .comment       0x00000043       0x44 ./Core/Src/i2c.o
 .comment       0x00000043       0x44 ./Core/Src/main.o
 .comment       0x00000043       0x44 ./Core/Src/motor_supervisor.o
 .comment       0x00000043       0x44 ./Core/Src/rotation_control.o
 .comment       0x00000043       0x44 ./Core/Src/speed_tracker.o
 .comment       0x00000043       0x44 ./Core/Src/stm32f4xx_hal_msp.o
 .comment       0x00000043       0x44 ./Core/Src/stm32f4xx_it.o
 .comment       0x00000043       0x44 ./Core/Src/system_stm32f4xx.o
 .comment       0x00000043       0x44 ./Core/Src/tim.o
 .comment       0x00000043       0x44 ./Core/Src/trajectory_control.o
 .comment       0x00000043       0x44 ./Core/Src/voltage_control.o
 .comment       0x00000043       0x44 ./Drivers/STM32F4xx_HAL_Driver/Src/stm32f4xx_hal.o
 .comment       0x00000043       0x44 ./Drivers/STM32F4xx_HAL_Driver/Src/stm32f4xx_hal_adc.o
 .comment       0x00000043       0x44 ./Drivers/STM32F4xx_HAL_Driver/Src/stm32f4xx_hal_adc_ex.o
 .comment       0x00000043       0x44 ./Drivers/STM32F4xx_HAL_Driver/Src/stm32f4xx_hal_can.o
 .comment       0x00000043       0x44 ./Drivers/STM32F4xx_HAL_Driver/Src/stm32f4xx_hal_cortex.o
 .comment       0x00000043       0x44 ./Drivers/STM32F4xx_HAL_Driver/Src/stm32f4xx_hal_dac.o
 .comment       0x00000043       0x44 ./Drivers/STM32F4xx_HAL_Driver/Src/stm32f4xx_hal_dac_ex.o
 .comment       0x00000043       0x44 ./Drivers/STM32F4xx_HAL_Driver/Src/stm32f4xx_hal_gpio.o
 .comment       0x00000043       0x44 ./Drivers/STM32F4xx_HAL_Driver/Src/stm32f4xx_hal_i2c.o
 .comment       0x00000043       0x44 ./Drivers/STM32F4xx_HAL_Driver/Src/stm32f4xx_hal_rcc.o