../Core/Src/rotation_control.c:67:1:RotationControl_Init	8	static
../Core/Src/rotation_control.c:82:1:RotationControl_DeInit	8	static
../Core/Src/rotation_control.c:97:1:RotationControl_SetActualFieldDirection	8	static
../Core/Src/rotation_control.c:133:1:RotationControl_SetSpinDirection	16	static
../Core/Src/rotation_control.c:145:1:RotationControl_SetControl	16	static
../Core/Src/rotation_control.c:160:1:RotationControl_UpdateCNT	4	static
../Core/Src/rotation_control.c:166:1:RotationControl_GetControl	16	static
../Core/Src/rotation_control.c:183:1:RotationControl_SetFieldDirectionByArrayIndex	16	static
../Core/Src/rotation_control.c:191:1:RotationControl_SetPWMcounter	16	static
