../Core/Src/stm32f4xx_it.c:82:6:NMI_Handler	4	static
../Core/Src/stm32f4xx_it.c:98:6:HardFault_Handler	4	static
../Core/Src/stm32f4xx_it.c:114:6:MemManage_Handler	4	static
../Core/Src/stm32f4xx_it.c:130:6:BusFault_Handler	4	static
../Core/Src/stm32f4xx_it.c:146:6:UsageFault_Handler	4	static
../Core/Src/stm32f4xx_it.c:162:6:SVC_Handler	4	static
../Core/Src/stm32f4xx_it.c:175:6:DebugMon_Handler	4	static
../Core/Src/stm32f4xx_it.c:188:6:PendSV_Handler	4	static
../Core/Src/stm32f4xx_it.c:201:6:SysTick_Handler	8	static
../Core/Src/stm32f4xx_it.c:228:6:ADC_IRQHandler	8	static
../Core/Src/stm32f4xx_it.c:242:6:CAN1_RX0_IRQHandler	8	static
../Core/Src/stm32f4xx_it.c:256:6:CAN1_SCE_IRQHandler	8	static
../Core/Src/stm32f4xx_it.c:270:6:TIM2_IRQHandler	8	static
../Core/Src/stm32f4xx_it.c:284:6:TIM5_IRQHandler	8	static
../Core/Src/stm32f4xx_it.c:302:6:TIM6_DAC_IRQHandler	8	static
../Core/Src/stm32f4xx_it.c:320:6:CAN2_TX_IRQHandler	8	static
../Core/Src/stm32f4xx_it.c:334:6:CAN2_RX0_IRQHandler	8	static
../Core/Src/stm32f4xx_it.c:348:6:CAN2_RX1_IRQHandler	8	static
